Archive member included because of file (symbol)

C:\Users\Denry\Documents\LPCXpresso_7.8.0_426\workspace8_01_swd\CMSISv2p00_LPC11Uxx\Debug\libCMSISv2p00_LPC11Uxx.a(system_LPC11Uxx.o)
                              ./src/cr_startup_lpc11uxx.o (SystemInit)
c:/nxp/lpcxpresso_7.8.0_426/lpcxpresso/tools/bin/../lib/gcc/arm-none-eabi/4.9.3/../../../../arm-none-eabi/lib/armv6-m\libcr_semihost.a(_cr__main.o)
                              ./src/cr_startup_lpc11uxx.o (__main)
c:/nxp/lpcxpresso_7.8.0_426/lpcxpresso/tools/bin/../lib/gcc/arm-none-eabi/4.9.3/../../../../arm-none-eabi/lib/armv6-m\libcr_c.a(cos.o)
                              ./src/lcd_5110_lib.o (cos)
c:/nxp/lpcxpresso_7.8.0_426/lpcxpresso/tools/bin/../lib/gcc/arm-none-eabi/4.9.3/../../../../arm-none-eabi/lib/armv6-m\libcr_c.a(fpprintf.o)
                              ./src/L1UDEV001A.o (sprintf)
c:/nxp/lpcxpresso_7.8.0_426/lpcxpresso/tools/bin/../lib/gcc/arm-none-eabi/4.9.3/../../../../arm-none-eabi/lib/armv6-m\libcr_c.a(initio.o)
                              c:/nxp/lpcxpresso_7.8.0_426/lpcxpresso/tools/bin/../lib/gcc/arm-none-eabi/4.9.3/../../../../arm-none-eabi/lib/armv6-m\libcr_semihost.a(_cr__main.o) (_initio)
c:/nxp/lpcxpresso_7.8.0_426/lpcxpresso/tools/bin/../lib/gcc/arm-none-eabi/4.9.3/../../../../arm-none-eabi/lib/armv6-m\libcr_c.a(itoa.o)
                              ./src/L1UDEV001A.o (uitoa)
c:/nxp/lpcxpresso_7.8.0_426/lpcxpresso/tools/bin/../lib/gcc/arm-none-eabi/4.9.3/../../../../arm-none-eabi/lib/armv6-m\libcr_c.a(printf.o)
                              c:/nxp/lpcxpresso_7.8.0_426/lpcxpresso/tools/bin/../lib/gcc/arm-none-eabi/4.9.3/../../../../arm-none-eabi/lib/armv6-m\libcr_c.a(fpprintf.o) (__vfprintf)
c:/nxp/lpcxpresso_7.8.0_426/lpcxpresso/tools/bin/../lib/gcc/arm-none-eabi/4.9.3/../../../../arm-none-eabi/lib/armv6-m\libcr_c.a(setvbuf.o)
                              c:/nxp/lpcxpresso_7.8.0_426/lpcxpresso/tools/bin/../lib/gcc/arm-none-eabi/4.9.3/../../../../arm-none-eabi/lib/armv6-m\libcr_c.a(initio.o) (setvbuf)
c:/nxp/lpcxpresso_7.8.0_426/lpcxpresso/tools/bin/../lib/gcc/arm-none-eabi/4.9.3/../../../../arm-none-eabi/lib/armv6-m\libcr_c.a(sin.o)
                              ./src/lcd_5110_lib.o (sin)
c:/nxp/lpcxpresso_7.8.0_426/lpcxpresso/tools/bin/../lib/gcc/arm-none-eabi/4.9.3/../../../../arm-none-eabi/lib/armv6-m\libcr_c.a(stdio.o)
                              c:/nxp/lpcxpresso_7.8.0_426/lpcxpresso/tools/bin/../lib/gcc/arm-none-eabi/4.9.3/../../../../arm-none-eabi/lib/armv6-m\libcr_c.a(fpprintf.o) (__Ciob)
c:/nxp/lpcxpresso_7.8.0_426/lpcxpresso/tools/bin/../lib/gcc/arm-none-eabi/4.9.3/../../../../arm-none-eabi/lib/armv6-m\libcr_c.a(strcat.o)
                              ./src/L1UDEV001A.o (strcat)
c:/nxp/lpcxpresso_7.8.0_426/lpcxpresso/tools/bin/../lib/gcc/arm-none-eabi/4.9.3/../../../../arm-none-eabi/lib/armv6-m\libcr_c.a(strcpy.o)
                              ./src/L1UDEV001A.o (strcpy)
c:/nxp/lpcxpresso_7.8.0_426/lpcxpresso/tools/bin/../lib/gcc/arm-none-eabi/4.9.3/../../../../arm-none-eabi/lib/armv6-m\libcr_c.a(strlen.o)
                              c:/nxp/lpcxpresso_7.8.0_426/lpcxpresso/tools/bin/../lib/gcc/arm-none-eabi/4.9.3/../../../../arm-none-eabi/lib/armv6-m\libcr_c.a(printf.o) (strlen)
c:/nxp/lpcxpresso_7.8.0_426/lpcxpresso/tools/bin/../lib/gcc/arm-none-eabi/4.9.3/../../../../arm-none-eabi/lib/armv6-m\libcr_c.a(memset.o)
                              c:/nxp/lpcxpresso_7.8.0_426/lpcxpresso/tools/bin/../lib/gcc/arm-none-eabi/4.9.3/../../../../arm-none-eabi/lib/armv6-m\libcr_c.a(fpprintf.o) (memset)
c:/nxp/lpcxpresso_7.8.0_426/lpcxpresso/tools/bin/../lib/gcc/arm-none-eabi/4.9.3/../../../../arm-none-eabi/lib/armv6-m\libcr_c.a(__fillbuf.o)
                              c:/nxp/lpcxpresso_7.8.0_426/lpcxpresso/tools/bin/../lib/gcc/arm-none-eabi/4.9.3/../../../../arm-none-eabi/lib/armv6-m\libcr_c.a(stdio.o) (__filbuf)
c:/nxp/lpcxpresso_7.8.0_426/lpcxpresso/tools/bin/../lib/gcc/arm-none-eabi/4.9.3/../../../../arm-none-eabi/lib/armv6-m\libcr_c.a(_deferredlazyseek.o)
                              c:/nxp/lpcxpresso_7.8.0_426/lpcxpresso/tools/bin/../lib/gcc/arm-none-eabi/4.9.3/../../../../arm-none-eabi/lib/armv6-m\libcr_c.a(__fillbuf.o) (_deferredlazyseek)
c:/nxp/lpcxpresso_7.8.0_426/lpcxpresso/tools/bin/../lib/gcc/arm-none-eabi/4.9.3/../../../../arm-none-eabi/lib/armv6-m\libcr_c.a(_fdopen.o)
                              c:/nxp/lpcxpresso_7.8.0_426/lpcxpresso/tools/bin/../lib/gcc/arm-none-eabi/4.9.3/../../../../arm-none-eabi/lib/armv6-m\libcr_c.a(initio.o) (_fdopen)
c:/nxp/lpcxpresso_7.8.0_426/lpcxpresso/tools/bin/../lib/gcc/arm-none-eabi/4.9.3/../../../../arm-none-eabi/lib/armv6-m\libcr_c.a(_fflush.o)
                              c:/nxp/lpcxpresso_7.8.0_426/lpcxpresso/tools/bin/../lib/gcc/arm-none-eabi/4.9.3/../../../../arm-none-eabi/lib/armv6-m\libcr_c.a(__fillbuf.o) (_fflush)
c:/nxp/lpcxpresso_7.8.0_426/lpcxpresso/tools/bin/../lib/gcc/arm-none-eabi/4.9.3/../../../../arm-none-eabi/lib/armv6-m\libcr_c.a(_frexpl.o)
[...]
Memory Configuration

Name             Origin             Length             Attributes
MFlash64         0x00000000         0x00010000         xr
RamLoc8          0x10000000         0x00002000         xrw
RamUsb2          0x20004000         0x00000800         xrw
*default*        0x00000000         0xffffffff

Linker script and memory map

LOAD ./src/ILI9341.o
LOAD ./src/L1UDEV001A.o
LOAD ./src/aeabi_romdiv_patch.o
LOAD ./src/cr_startup_lpc11uxx.o
LOAD ./src/crp.o
LOAD ./src/gpio.o
LOAD ./src/l11uxx_adc_library.o
LOAD ./src/l11uxx_internal_flash_lib.o
LOAD ./src/l11uxx_spi_library.o
LOAD ./src/l11uxx_timer_lib.o
LOAD ./src/l11uxx_uart_library.o
LOAD ./src/lcd_5110_lib.o
LOAD ./src/nrf24l01_lib.o
LOAD C:\Users\Denry\Documents\LPCXpresso_7.8.0_426\workspace8_01_swd\CMSISv2p00_LPC11Uxx\Debug\libCMSISv2p00_LPC11Uxx.a
START GROUP
LOAD c:/nxp/lpcxpresso_7.8.0_426/lpcxpresso/tools/bin/../lib/gcc/arm-none-eabi/4.9.3/../../../../arm-none-eabi/lib/armv6-m\libcr_semihost.a
LOAD c:/nxp/lpcxpresso_7.8.0_426/lpcxpresso/tools/bin/../lib/gcc/arm-none-eabi/4.9.3/../../../../arm-none-eabi/lib/armv6-m\libcr_c.a
LOAD c:/nxp/lpcxpresso_7.8.0_426/lpcxpresso/tools/bin/../lib/gcc/arm-none-eabi/4.9.3/armv6-m\libcr_eabihelpers.a
END GROUP
                0x00010000                __top_MFlash64 = 0x10000
                0x10002000                __top_RamLoc8 = 0x10002000
                0x20004800                __top_RamUsb2 = 0x20004800

.text           0x00000000     0x2008
 FILL mask 0xff
                0x00000000                __vectors_start__ = ABSOLUTE (.)
 *(.isr_vector)
 .isr_vector    0x00000000       0xc0 ./src/cr_startup_lpc11uxx.o
                0x00000000                g_pfnVectors
                0x000000c0                . = ALIGN (0x4)
                0x000000c0                __section_table_start = .
                0x000000c0                __data_section_table = .
                0x000000c0        0x4 LONG 0x2008 LOADADDR (.data)
                0x000000c4        0x4 LONG 0x10000000 ADDR (.data)
                0x000000c8        0x4 LONG 0x4 SIZEOF (.data)
                0x000000cc        0x4 LONG 0x2008 LOADADDR (.data_RAM2)
                0x000000d0        0x4 LONG 0x20004000 ADDR (.data_RAM2)
                0x000000d4        0x4 LONG 0x0 SIZEOF (.data_RAM2)
                0x000000d8                __data_section_table_end = .
                0x000000d8                __bss_section_table = .
                0x000000d8        0x4 LONG 0x10000004 ADDR (.bss)
                0x000000dc        0x4 LONG 0x930 SIZEOF (.bss)
                0x000000e0        0x4 LONG 0x20004000 ADDR (.bss_RAM2)
                0x000000e4        0x4 LONG 0x0 SIZEOF (.bss_RAM2)
                0x000000e8                __bss_section_table_end = .
                0x000000e8                __section_table_end = .
 *(.after_vectors*)
 .after_vectors
                0x000000e8      0x13c ./src/cr_startup_lpc11uxx.o
                0x000000e8                data_init
                0x00000128                bss_init
                0x0000015c                ResetISR
                0x000001f4                NMI_Handler
                0x000001fc                HardFault_Handler
                0x00000204                SVC_Handler
                0x0000020c                PendSV_Handler
                0x00000214                SysTick_Handler
                0x0000021c                FLEX_INT7_IRQHandler
                0x0000021c                TIMER32_1_IRQHandler
                0x0000021c                FLEX_INT1_IRQHandler
                0x0000021c                IntDefaultHandler
                0x0000021c                SSP0_IRQHandler
                0x0000021c                USBWakeup_IRQHandler
                0x0000021c                TIMER32_0_IRQHandler
                0x0000021c                UART_IRQHandler
                0x0000021c                FLEX_INT2_IRQHandler
                0x0000021c                TIMER16_1_IRQHandler
                0x0000021c                USB_FIQHandler
                0x0000021c                FLEX_INT5_IRQHandler
                0x0000021c                ADC_IRQHandler
                0x0000021c                SSP1_IRQHandler
                0x0000021c                FLEX_INT3_IRQHandler
                0x0000021c                USB_IRQHandler
                0x0000021c                BOD_IRQHandler
                0x0000021c                I2C_IRQHandler
                0x0000021c                WDT_IRQHandler
                0x0000021c                FLEX_INT0_IRQHandler
                0x0000021c                GINT0_IRQHandler
                0x0000021c                FLEX_INT4_IRQHandler
                0x0000021c                TIMER16_0_IRQHandler
                0x0000021c                FLEX_INT6_IRQHandler
                0x0000021c                FMC_IRQHandler
                0x0000021c                GINT1_IRQHandler
                0x000002fc                . = 0x2fc
 *fill*         0x00000224       0xd8 ff
                0x000002fc                PROVIDE (__CRP_WORD_START__, .)
 *(.crp)
 .crp           0x000002fc        0x4 ./src/crp.o
                0x000002fc                CRP_WORD
                0x00000300                PROVIDE (__CRP_WORD_END__, .)
                0x00000001                ASSERT (! ((__CRP_WORD_START__ == __CRP_WORD_END__)), Linker CRP Enabled, but no CRP_WORD provided within application)
 *(.text*)
 .text.delay_us
                0x00000300       0x50 ./src/L1UDEV001A.o
                0x00000300                delay_us
 .text.delay    0x00000350       0x38 ./src/L1UDEV001A.o
                0x00000350                delay
 .text.setupClocks
                0x00000388       0xdc ./src/L1UDEV001A.o
                0x00000388                setupClocks
 .text.main     0x00000464      0x2ec ./src/L1UDEV001A.o
                0x00000464                main
 .text.GPIOSetDir
                0x00000750       0x80 ./src/gpio.o
                0x00000750                GPIOSetDir
 .text.GPIOSetValue
                0x000007d0       0x80 ./src/gpio.o
                0x000007d0                GPIOSetValue
 .text.GPIOGetValue
                0x00000850       0x38 ./src/gpio.o
                0x00000850                GPIOGetValue
 .text.l11uxx_spi_pinSetup
                0x00000888       0xac ./src/l11uxx_spi_library.o
                0x00000888                l11uxx_spi_pinSetup
 .text.l11uxx_spi_init
                0x00000934       0xf4 ./src/l11uxx_spi_library.o
                0x00000934                l11uxx_spi_init
 .text.l11uxx_spi_sendByte
                0x00000a28       0x64 ./src/l11uxx_spi_library.o
                0x00000a28                l11uxx_spi_sendByte
 .text.l11uxx_uart_pinSetup_unset
                0x00000a8c       0x9c ./src/l11uxx_uart_library.o
                0x00000a8c                l11uxx_uart_pinSetup_unset
 .text.l11uxx_uart_pinSetup
                0x00000b28       0xac ./src/l11uxx_uart_library.o
                0x00000b28                l11uxx_uart_pinSetup
 .text.l11uxx_uart_init
                0x00000bd4       0x9c ./src/l11uxx_uart_library.o
                0x00000bd4                l11uxx_uart_init
 .text.l11uxx_uart_Send
                0x00000c70       0x48 ./src/l11uxx_uart_library.o
                0x00000c70                l11uxx_uart_Send
 .text.lcd_5110_reset
                0x00000cb8       0x20 ./src/lcd_5110_lib.o
                0x00000cb8                lcd_5110_reset
 .text.lcd_5110_clear
                0x00000cd8       0x44 ./src/lcd_5110_lib.o
                0x00000cd8                lcd_5110_clear
 .text.lcd_5110_clear_framebuffer
                0x00000d1c       0x4c ./src/lcd_5110_lib.o
                0x00000d1c                lcd_5110_clear_framebuffer
 .text.lcd_5110_init
                0x00000d68       0x7c ./src/lcd_5110_lib.o
                0x00000d68                lcd_5110_init
 .text.lcd_5110_sendByte
                0x00000de4       0x30 ./src/lcd_5110_lib.o
                0x00000de4                lcd_5110_sendByte
 .text.lcd_5110_sendData
                0x00000e14       0x24 ./src/lcd_5110_lib.o
                0x00000e14                lcd_5110_sendData
 .text.lcd_5110_sendCommand
                0x00000e38       0x24 ./src/lcd_5110_lib.o
                0x00000e38                lcd_5110_sendCommand
 .text.lcd_5110_setAddressX
                0x00000e5c       0x20 ./src/lcd_5110_lib.o
                0x00000e5c                lcd_5110_setAddressX
 .text.lcd_5110_setAddressY
                0x00000e7c       0x28 ./src/lcd_5110_lib.o
                0x00000e7c                lcd_5110_setAddressY
 .text.lcd_5110_redraw
                0x00000ea4       0x6c ./src/lcd_5110_lib.o
                0x00000ea4                lcd_5110_redraw
 .text.lcd_5110_printString
                0x00000f10       0xac ./src/lcd_5110_lib.o
                0x00000f10                lcd_5110_printString
 .text.SystemInit
                0x00000fbc       0x80 C:\Users\Denry\Documents\LPCXpresso_7.8.0_426\workspace8_01_swd\CMSISv2p00_LPC11Uxx\Debug\libCMSISv2p00_LPC11Uxx.a(system_LPC11Uxx.o)
                0x00000fbc                SystemInit
 .text.__main   0x0000103c       0x12 c:/nxp/lpcxpresso_7.8.0_426/lpcxpresso/tools/bin/../lib/gcc/arm-none-eabi/4.9.3/../../../../arm-none-eabi/lib/armv6-m\libcr_semihost.a(_cr__main.o)
                0x0000103c                __CR_SEMIHOST
                0x0000103c                __main
 *fill*         0x0000104e        0x2 
 .text._initio  0x00001050       0xa8 c:/nxp/lpcxpresso_7.8.0_426/lpcxpresso/tools/bin/../lib/gcc/arm-none-eabi/4.9.3/../../../../arm-none-eabi/lib/armv6-m\libcr_c.a(initio.o)
                0x00001050                _initio
 .text.uitoa    0x000010f8       0x48 c:/nxp/lpcxpresso_7.8.0_426/lpcxpresso/tools/bin/../lib/gcc/arm-none-eabi/4.9.3/../../../../arm-none-eabi/lib/armv6-m\libcr_c.a(itoa.o)
                0x000010f8                uitoa
 .text.setvbuf  0x00001140       0x48 c:/nxp/lpcxpresso_7.8.0_426/lpcxpresso/tools/bin/../lib/gcc/arm-none-eabi/4.9.3/../../../../arm-none-eabi/lib/armv6-m\libcr_c.a(setvbuf.o)
                0x00001140                setvbuf
 .text.strcat   0x00001188       0x1a c:/nxp/lpcxpresso_7.8.0_426/lpcxpresso/tools/bin/../lib/gcc/arm-none-eabi/4.9.3/../../../../arm-none-eabi/lib/armv6-m\libcr_c.a(strcat.o)
                0x00001188                strcat
 *fill*         0x000011a2        0x2 
 .text.strcpy   0x000011a4       0x44 c:/nxp/lpcxpresso_7.8.0_426/lpcxpresso/tools/bin/../lib/gcc/arm-none-eabi/4.9.3/../../../../arm-none-eabi/lib/armv6-m\libcr_c.a(strcpy.o)
                0x000011a4                strcpy
 .text.strlen   0x000011e8       0x54 c:/nxp/lpcxpresso_7.8.0_426/lpcxpresso/tools/bin/../lib/gcc/arm-none-eabi/4.9.3/../../../../arm-none-eabi/lib/armv6-m\libcr_c.a(strlen.o)
                0x000011e8                strlen
 .text.memset   0x0000123c        0x8 c:/nxp/lpcxpresso_7.8.0_426/lpcxpresso/tools/bin/../lib/gcc/arm-none-eabi/4.9.3/../../../../arm-none-eabi/lib/armv6-m\libcr_c.a(memset.o)
                0x0000123c                memset
 .text._deferredlazyseek
                0x00001244       0x44 c:/nxp/lpcxpresso_7.8.0_426/lpcxpresso/tools/bin/../lib/gcc/arm-none-eabi/4.9.3/../../../../arm-none-eabi/lib/armv6-m\libcr_c.a(_deferredlazyseek.o)
                0x00001244                _deferredlazyseek
 .text._fdopen  0x00001288       0x68 c:/nxp/lpcxpresso_7.8.0_426/lpcxpresso/tools/bin/../lib/gcc/arm-none-eabi/4.9.3/../../../../arm-none-eabi/lib/armv6-m\libcr_c.a(_fdopen.o)
                0x00001288                _fdopen
 .text._fflush  0x000012f0       0x64 c:/nxp/lpcxpresso_7.8.0_426/lpcxpresso/tools/bin/../lib/gcc/arm-none-eabi/4.9.3/../../../../arm-none-eabi/lib/armv6-m\libcr_c.a(_fflush.o)
                0x000012f0                _fflush
 .text._Cwritebuf
                0x00001354       0x6c c:/nxp/lpcxpresso_7.8.0_426/lpcxpresso/tools/bin/../lib/gcc/arm-none-eabi/4.9.3/../../../../arm-none-eabi/lib/armv6-m\libcr_c.a(_writebuf.o)
                0x00001354                _Cwritebuf
 .text.malloc   0x000013c0       0xcc c:/nxp/lpcxpresso_7.8.0_426/lpcxpresso/tools/bin/../lib/gcc/arm-none-eabi/4.9.3/../../../../arm-none-eabi/lib/armv6-m\libcr_c.a(alloc.o)
                0x000013c0                malloc
 .text.free     0x0000148c       0x2e c:/nxp/lpcxpresso_7.8.0_426/lpcxpresso/tools/bin/../lib/gcc/arm-none-eabi/4.9.3/../../../../arm-none-eabi/lib/armv6-m\libcr_c.a(alloc.o)
                0x0000148c                free
 *fill*         0x000014ba        0x2 
 .text._Csys_alloc
                0x000014bc       0x20 c:/nxp/lpcxpresso_7.8.0_426/lpcxpresso/tools/bin/../lib/gcc/arm-none-eabi/4.9.3/../../../../arm-none-eabi/lib/armv6-m\libcr_c.a(alloc.o)
                0x000014bc                _Csys_alloc
 .text.fclose   0x000014dc       0x70 c:/nxp/lpcxpresso_7.8.0_426/lpcxpresso/tools/bin/../lib/gcc/arm-none-eabi/4.9.3/../../../../arm-none-eabi/lib/armv6-m\libcr_c.a(fclose.o)
                0x000014dc                fclose
 .text.fflush   0x0000154c       0x34 c:/nxp/lpcxpresso_7.8.0_426/lpcxpresso/tools/bin/../lib/gcc/arm-none-eabi/4.9.3/../../../../arm-none-eabi/lib/armv6-m\libcr_c.a(fflush.o)
                0x0000154c                fflush
 .text.fseek    0x00001580      0x100 c:/nxp/lpcxpresso_7.8.0_426/lpcxpresso/tools/bin/../lib/gcc/arm-none-eabi/4.9.3/../../../../arm-none-eabi/lib/armv6-m\libcr_c.a(fseek.o)
                0x00001580                fseek
 .text.ftell    0x00001680       0x4c c:/nxp/lpcxpresso_7.8.0_426/lpcxpresso/tools/bin/../lib/gcc/arm-none-eabi/4.9.3/../../../../arm-none-eabi/lib/armv6-m\libcr_c.a(ftell.o)
                0x00001680                ftell
 .text.remove   0x000016cc       0x12 c:/nxp/lpcxpresso_7.8.0_426/lpcxpresso/tools/bin/../lib/gcc/arm-none-eabi/4.9.3/../../../../arm-none-eabi/lib/armv6-m\libcr_c.a(remove.o)
                0x000016cc                remove
 *fill*         0x000016de        0x2 
 .text._sbrk    0x000016e0       0x40 c:/nxp/lpcxpresso_7.8.0_426/lpcxpresso/tools/bin/../lib/gcc/arm-none-eabi/4.9.3/../../../../arm-none-eabi/lib/armv6-m\libcr_c.a(_cr_sbrk.o)
                0x000016e0                _sbrk
 .text._do_fflush
                0x00001720       0x4c c:/nxp/lpcxpresso_7.8.0_426/lpcxpresso/tools/bin/../lib/gcc/arm-none-eabi/4.9.3/../../../../arm-none-eabi/lib/armv6-m\libcr_c.a(_do_fflush.o)
                0x00001720                _do_fflush
 .text.__check_heap_overflow
                0x0000176c       0x14 c:/nxp/lpcxpresso_7.8.0_426/lpcxpresso/tools/bin/../lib/gcc/arm-none-eabi/4.9.3/../../../../arm-none-eabi/lib/armv6-m\libcr_c.a(_cr_check_heap.o)
                0x0000176c                __check_heap_overflow
 .text.__aeabi_division_idivmod
                0x00001780       0x78 c:/nxp/lpcxpresso_7.8.0_426/lpcxpresso/tools/bin/../lib/gcc/arm-none-eabi/4.9.3/armv6-m\libcr_eabihelpers.a(division_32.o)
                0x00001780                __aeabi_idivmod
                0x00001780                __aeabi_idiv
                0x00001786                __aeabi_uidivmod
                0x00001786                __aeabi_uidiv
 .text.__aeabi_division_idiv0
                0x000017f8        0x2 c:/nxp/lpcxpresso_7.8.0_426/lpcxpresso/tools/bin/../lib/gcc/arm-none-eabi/4.9.3/armv6-m\libcr_eabihelpers.a(division_idiv0.o)
                0x000017f8                __aeabi_idiv0
 .text.__aeabi_memset_lowlevel
                0x000017fa       0x2a c:/nxp/lpcxpresso_7.8.0_426/lpcxpresso/tools/bin/../lib/gcc/arm-none-eabi/4.9.3/armv6-m\libcr_eabihelpers.a(memcpy.o)
                0x000017fa                __aeabi_lowlevel_memset
 .text.__sys_appexit
                0x00001824        0xc c:/nxp/lpcxpresso_7.8.0_426/lpcxpresso/tools/bin/../lib/gcc/arm-none-eabi/4.9.3/../../../../arm-none-eabi/lib/armv6-m\libcr_semihost.a(__sys_appexit.o)
                0x00001824                __sys_appexit
                0x00001824                __exit
 .text.__sys_close
                0x00001830        0xc c:/nxp/lpcxpresso_7.8.0_426/lpcxpresso/tools/bin/../lib/gcc/arm-none-eabi/4.9.3/../../../../arm-none-eabi/lib/armv6-m\libcr_semihost.a(__sys_close.o)
                0x00001830                __sys_close
 .text.__sys_flen
                0x0000183c        0xc c:/nxp/lpcxpresso_7.8.0_426/lpcxpresso/tools/bin/../lib/gcc/arm-none-eabi/4.9.3/../../../../arm-none-eabi/lib/armv6-m\libcr_semihost.a(__sys_flen.o)
                0x0000183c                __sys_flen
 .text.__sys_istty
                0x00001848        0xc c:/nxp/lpcxpresso_7.8.0_426/lpcxpresso/tools/bin/../lib/gcc/arm-none-eabi/4.9.3/../../../../arm-none-eabi/lib/armv6-m\libcr_semihost.a(__sys_istty.o)
                0x00001848                __sys_istty
 .text.__sys_remove
                0x00001854        0xc c:/nxp/lpcxpresso_7.8.0_426/lpcxpresso/tools/bin/../lib/gcc/arm-none-eabi/4.9.3/../../../../arm-none-eabi/lib/armv6-m\libcr_semihost.a(__sys_remove.o)
                0x00001854                __sys_remove
 .text.__sys_seek
                0x00001860        0xc c:/nxp/lpcxpresso_7.8.0_426/lpcxpresso/tools/bin/../lib/gcc/arm-none-eabi/4.9.3/../../../../arm-none-eabi/lib/armv6-m\libcr_semihost.a(__sys_seek.o)
                0x00001860                __sys_seek
 .text.__sys_tmpnam
                0x0000186c        0xc c:/nxp/lpcxpresso_7.8.0_426/lpcxpresso/tools/bin/../lib/gcc/arm-none-eabi/4.9.3/../../../../arm-none-eabi/lib/armv6-m\libcr_semihost.a(__sys_tmpnam.o)
                0x0000186c                __sys_tmpnam
 .text.__sys_write
                0x00001878        0xc c:/nxp/lpcxpresso_7.8.0_426/lpcxpresso/tools/bin/../lib/gcc/arm-none-eabi/4.9.3/../../../../arm-none-eabi/lib/armv6-m\libcr_semihost.a(__sys_write.o)
                0x00001878                __sys_write
                0x00001878                __write
 *(.rodata .rodata.* .constdata .constdata.*)
 .rodata        0x00001884      0x254 ./src/L1UDEV001A.o
 .rodata.LCDBitmapFont
                0x00001ad8      0x500 ./src/lcd_5110_lib.o
                0x00001ad8                LCDBitmapFont
 .rodata.str1.1
                0x00001fd8        0x4 c:/nxp/lpcxpresso_7.8.0_426/lpcxpresso/tools/bin/../lib/gcc/arm-none-eabi/4.9.3/../../../../arm-none-eabi/lib/armv6-m\libcr_c.a(initio.o)
 .rodata.digits
                0x00001fdc       0x11 c:/nxp/lpcxpresso_7.8.0_426/lpcxpresso/tools/bin/../lib/gcc/arm-none-eabi/4.9.3/../../../../arm-none-eabi/lib/armv6-m\libcr_c.a(itoa.o)
 .rodata.str1.1
                0x00001fed       0x18 c:/nxp/lpcxpresso_7.8.0_426/lpcxpresso/tools/bin/../lib/gcc/arm-none-eabi/4.9.3/../../../../arm-none-eabi/lib/armv6-m\libcr_c.a(alloc.o)
                0x00002008                . = ALIGN (0x4)
 *fill*         0x00002005        0x3 ff

.glue_7         0x00002008        0x0
 .glue_7        0x00000000        0x0 linker stubs

.glue_7t        0x00002008        0x0
 .glue_7t       0x00000000        0x0 linker stubs

.vfp11_veneer   0x00002008        0x0
 .vfp11_veneer  0x00000000        0x0 linker stubs

.v4_bx          0x00002008        0x0
 .v4_bx         0x00000000        0x0 linker stubs

.iplt           0x00002008        0x0
 .iplt          0x00000000        0x0 ./src/ILI9341.o

.rel.dyn        0x00002008        0x0
 .rel.iplt      0x00000000        0x0 ./src/ILI9341.o

.ARM.extab
 *(.ARM.extab* .gnu.linkonce.armextab.*)
                0x00002008                __exidx_start = .

.ARM.exidx
 *(.ARM.exidx* .gnu.linkonce.armexidx.*)
                0x00002008                __exidx_end = .
                0x00002008                _etext = .

.data_RAM2      0x20004000        0x0 load address 0x00002008
 FILL mask 0xff
                0x20004000                PROVIDE (__start_data_RAM2, .)
 *(.ramfunc.$RAM2)
 *(.ramfunc.$RamUsb2)
 *(.data.$RAM2*)
 *(.data.$RamUsb2*)
                0x20004000                . = ALIGN (0x4)
                0x20004000                PROVIDE (__end_data_RAM2, .)

.uninit_RESERVED
                0x10000000        0x0
 *(.bss.$RESERVED*)
                0x10000000                . = ALIGN (0x4)
                0x10000000                _end_uninit_RESERVED = .

.data           0x10000000        0x4 load address 0x00002008
 FILL mask 0xff
                0x10000000                _data = .
 *(vtable)
 *(.ramfunc*)
 *(.data*)
 .data.SystemCoreClock
                0x10000000        0x4 C:\Users\Denry\Documents\LPCXpresso_7.8.0_426\workspace8_01_swd\CMSISv2p00_LPC11Uxx\Debug\libCMSISv2p00_LPC11Uxx.a(system_LPC11Uxx.o)
                0x10000000                SystemCoreClock
                0x10000004                . = ALIGN (0x4)
                0x10000004                _edata = .

.igot.plt       0x10000004        0x0 load address 0x0000200c
 .igot.plt      0x00000000        0x0 ./src/ILI9341.o

.bss_RAM2       0x20004000        0x0
                0x20004000                PROVIDE (__start_bss_RAM2, .)
 *(.bss.$RAM2*)
 *(.bss.$RamUsb2*)
                0x20004000                . = ALIGN (0x4)
                0x20004000                PROVIDE (__end_bss_RAM2, .)

.bss            0x10000004      0x930
                0x10000004                _bss = .
 *(.bss*)
 .bss.errno     0x10000004        0x4 c:/nxp/lpcxpresso_7.8.0_426/lpcxpresso/tools/bin/../lib/gcc/arm-none-eabi/4.9.3/../../../../arm-none-eabi/lib/armv6-m\libcr_c.a(errno.o)
                0x10000004                errno
 *(COMMON)
 COMMON         0x10000008      0x7e0 ./src/lcd_5110_lib.o
                0x10000008                lcd_5110_pixels
 COMMON         0x100007e8        0x4 c:/nxp/lpcxpresso_7.8.0_426/lpcxpresso/tools/bin/../lib/gcc/arm-none-eabi/4.9.3/../../../../arm-none-eabi/lib/armv6-m\libcr_c.a(initio.o)
                0x100007e8                _extra
 COMMON         0x100007ec      0x140 c:/nxp/lpcxpresso_7.8.0_426/lpcxpresso/tools/bin/../lib/gcc/arm-none-eabi/4.9.3/../../../../arm-none-eabi/lib/armv6-m\libcr_c.a(stdio.o)
                0x100007ec                __Ciob
 COMMON         0x1000092c        0x8 c:/nxp/lpcxpresso_7.8.0_426/lpcxpresso/tools/bin/../lib/gcc/arm-none-eabi/4.9.3/../../../../arm-none-eabi/lib/armv6-m\libcr_c.a(__init_alloc.o)
                0x1000092c                __heaps
                0x10000930                __end_of_heap
                0x10000934                . = ALIGN (0x4)
                0x10000934                _ebss = .
                0x10000934                PROVIDE (end, .)

.noinit_RAM2    0x20004000        0x0
 *(.noinit.$RAM2*)
 *(.noinit.$RamUsb2*)
                0x20004000                . = ALIGN (0x4)

.noinit         0x10000934        0x0
                0x10000934                _noinit = .
 *(.noinit*)
                0x10000934                . = ALIGN (0x4)
                0x10000934                _end_noinit = .
                0x10000934                PROVIDE (_pvHeapStart, DEFINED (__user_heap_base)?__user_heap_base:.)
                0x10002000                PROVIDE (_vStackTop, DEFINED (__user_stack_top)?__user_stack_top:(__top_RamLoc8 - 0x0))
OUTPUT(L1UDEV001A.axf elf32-littlearm)

.debug_info     0x00000000     0x3455
 .debug_info    0x00000000      0xd65 ./src/L1UDEV001A.o
 .debug_info    0x00000d65      0x217 ./src/cr_startup_lpc11uxx.o
 .debug_info    0x00000f7c       0x3f ./src/crp.o
 .debug_info    0x00000fbb      0x909 ./src/gpio.o
 .debug_info    0x000018c4      0x5ea ./src/l11uxx_spi_library.o
 .debug_info    0x00001eae      0xa00 ./src/l11uxx_uart_library.o
 .debug_info    0x000028ae      0x666 ./src/lcd_5110_lib.o
 .debug_info    0x00002f14      0x541 C:\Users\Denry\Documents\LPCXpresso_7.8.0_426\workspace8_01_swd\CMSISv2p00_LPC11Uxx\Debug\libCMSISv2p00_LPC11Uxx.a(system_LPC11Uxx.o)

.debug_abbrev   0x00000000      0xa80
 .debug_abbrev  0x00000000      0x2a1 ./src/L1UDEV001A.o
 .debug_abbrev  0x000002a1       0xed ./src/cr_startup_lpc11uxx.o
 .debug_abbrev  0x0000038e       0x36 ./src/crp.o
 .debug_abbrev  0x000003c4      0x1c4 ./src/gpio.o
 .debug_abbrev  0x00000588       0xfd ./src/l11uxx_spi_library.o
 .debug_abbrev  0x00000685      0x1a0 ./src/l11uxx_uart_library.o
 .debug_abbrev  0x00000825      0x148 ./src/lcd_5110_lib.o
 .debug_abbrev  0x0000096d      0x113 C:\Users\Denry\Documents\LPCXpresso_7.8.0_426\workspace8_01_swd\CMSISv2p00_LPC11Uxx\Debug\libCMSISv2p00_LPC11Uxx.a(system_LPC11Uxx.o)

.debug_aranges  0x00000000      0x290
 .debug_aranges
                0x00000000       0x58 ./src/L1UDEV001A.o
 .debug_aranges
                0x00000058       0x60 ./src/cr_startup_lpc11uxx.o
 .debug_aranges
                0x000000b8       0x18 ./src/crp.o
 .debug_aranges
                0x000000d0       0x60 ./src/gpio.o
 .debug_aranges
                0x00000130       0x58 ./src/l11uxx_spi_library.o
 .debug_aranges
                0x00000188       0x38 ./src/l11uxx_uart_library.o
 .debug_aranges
                0x000001c0       0xa8 ./src/lcd_5110_lib.o
 .debug_aranges
                0x00000268       0x28 C:\Users\Denry\Documents\LPCXpresso_7.8.0_426\workspace8_01_swd\CMSISv2p00_LPC11Uxx\Debug\libCMSISv2p00_LPC11Uxx.a(system_LPC11Uxx.o)

.debug_ranges   0x00000000      0x208
 .debug_ranges  0x00000000       0x48 ./src/L1UDEV001A.o
 .debug_ranges  0x00000048       0x50 ./src/cr_startup_lpc11uxx.o
 .debug_ranges  0x00000098       0x50 ./src/gpio.o
 .debug_ranges  0x000000e8       0x48 ./src/l11uxx_spi_library.o
 .debug_ranges  0x00000130       0x28 ./src/l11uxx_uart_library.o
 .debug_ranges  0x00000158       0x98 ./src/lcd_5110_lib.o
 .debug_ranges  0x000001f0       0x18 C:\Users\Denry\Documents\LPCXpresso_7.8.0_426\workspace8_01_swd\CMSISv2p00_LPC11Uxx\Debug\libCMSISv2p00_LPC11Uxx.a(system_LPC11Uxx.o)

.debug_macro    0x00000000     0x18eb
 .debug_macro   0x00000000       0xa4 ./src/L1UDEV001A.o
 .debug_macro   0x000000a4       0x1c ./src/L1UDEV001A.o
 .debug_macro   0x000000c0       0x2e ./src/L1UDEV001A.o
 .debug_macro   0x000000ee       0x10 ./src/L1UDEV001A.o
 .debug_macro   0x000000fe      0x12d ./src/L1UDEV001A.o
 .debug_macro   0x0000022b      0x5b2 ./src/L1UDEV001A.o
 .debug_macro   0x000007dd      0x237 ./src/L1UDEV001A.o
 .debug_macro   0x00000a14      0x10e ./src/L1UDEV001A.o
 .debug_macro   0x00000b22       0x82 ./src/L1UDEV001A.o
 .debug_macro   0x00000ba4       0xa0 ./src/L1UDEV001A.o
 .debug_macro   0x00000c44       0x22 ./src/L1UDEV001A.o
 .debug_macro   0x00000c66       0x6a ./src/L1UDEV001A.o
 .debug_macro   0x00000cd0       0x1d ./src/cr_startup_lpc11uxx.o
 .debug_macro   0x00000ced       0x1a ./src/crp.o
 .debug_macro   0x00000d07       0x34 ./src/crp.o
 .debug_macro   0x00000d3b       0x7f ./src/gpio.o
 .debug_macro   0x00000dba       0x76 ./src/l11uxx_spi_library.o
 .debug_macro   0x00000e30       0x76 ./src/l11uxx_uart_library.o
 .debug_macro   0x00000ea6       0x38 ./src/lcd_5110_lib.o
 .debug_macro   0x00000ede       0xc4 ./src/lcd_5110_lib.o
 .debug_macro   0x00000fa2      0x117 C:\Users\Denry\Documents\LPCXpresso_7.8.0_426\workspace8_01_swd\CMSISv2p00_LPC11Uxx\Debug\libCMSISv2p00_LPC11Uxx.a(system_LPC11Uxx.o)
 .debug_macro   0x000010b9      0x832 C:\Users\Denry\Documents\LPCXpresso_7.8.0_426\workspace8_01_swd\CMSISv2p00_LPC11Uxx\Debug\libCMSISv2p00_LPC11Uxx.a(system_LPC11Uxx.o)

.debug_line     0x00000000     0x145d
 .debug_line    0x00000000      0x49c ./src/L1UDEV001A.o
 .debug_line    0x0000049c       0xbf ./src/cr_startup_lpc11uxx.o
 .debug_line    0x0000055b       0x78 ./src/crp.o
 .debug_line    0x000005d3      0x2bf ./src/gpio.o
 .debug_line    0x00000892      0x35f ./src/l11uxx_spi_library.o
 .debug_line    0x00000bf1      0x268 ./src/l11uxx_uart_library.o
 .debug_line    0x00000e59      0x441 ./src/lcd_5110_lib.o
 .debug_line    0x0000129a      0x1c3 C:\Users\Denry\Documents\LPCXpresso_7.8.0_426\workspace8_01_swd\CMSISv2p00_LPC11Uxx\Debug\libCMSISv2p00_LPC11Uxx.a(system_LPC11Uxx.o)

.debug_str      0x00000000     0x6f22
 .debug_str     0x00000000     0x5d8e ./src/L1UDEV001A.o
                               0x5e2c (size before relaxing)
 .debug_str     0x00005d8e      0x18e ./src/cr_startup_lpc11uxx.o
                               0x2524 (size before relaxing)
 .debug_str     0x00005f1c       0xe9 ./src/crp.o
                               0x2470 (size before relaxing)
 .debug_str     0x00006005       0xb6 ./src/gpio.o
                               0x5258 (size before relaxing)
 .debug_str     0x000060bb      0x2fb ./src/l11uxx_spi_library.o
                               0x5213 (size before relaxing)
 .debug_str     0x000063b6       0xa8 ./src/l11uxx_uart_library.o
                               0x541a (size before relaxing)
 .debug_str     0x0000645e      0x680 ./src/lcd_5110_lib.o
                               0x2d51 (size before relaxing)
 .debug_str     0x00006ade      0x444 C:\Users\Denry\Documents\LPCXpresso_7.8.0_426\workspace8_01_swd\CMSISv2p00_LPC11Uxx\Debug\libCMSISv2p00_LPC11Uxx.a(system_LPC11Uxx.o)
                               0x5465 (size before relaxing)

.comment        0x00000000       0xe0
 .comment       0x00000000       0x70 ./src/L1UDEV001A.o
                                 0x71 (size before relaxing)
 .comment       0x00000000       0x71 ./src/cr_startup_lpc11uxx.o
 .comment       0x00000000       0x71 ./src/crp.o
 .comment       0x00000000       0x71 ./src/gpio.o
 .comment       0x00000000       0x71 ./src/l11uxx_spi_library.o
 .comment       0x00000000       0x71 ./src/l11uxx_uart_library.o
 .comment       0x00000000       0x71 ./src/lcd_5110_lib.o
 .comment       0x00000000       0x71 C:\Users\Denry\Documents\LPCXpresso_7.8.0_426\workspace8_01_swd\CMSISv2p00_LPC11Uxx\Debug\libCMSISv2p00_LPC11Uxx.a(system_LPC11Uxx.o)
 .comment       0x00000070       0x70 c:/nxp/lpcxpresso_7.8.0_426/lpcxpresso/tools/bin/../lib/gcc/arm-none-eabi/4.9.3/../../../../arm-none-eabi/lib/armv6-m\libcr_semihost.a(_cr__main.o)
                                 0x71 (size before relaxing)
 .comment       0x00000000       0x71 c:/nxp/lpcxpresso_7.8.0_426/lpcxpresso/tools/bin/../lib/gcc/arm-none-eabi/4.9.3/../../../../arm-none-eabi/lib/armv6-m\libcr_c.a(initio.o)
 .comment       0x00000000       0x71 c:/nxp/lpcxpresso_7.8.0_426/lpcxpresso/tools/bin/../lib/gcc/arm-none-eabi/4.9.3/../../../../arm-none-eabi/lib/armv6-m\libcr_c.a(itoa.o)
 .comment       0x00000000       0x71 c:/nxp/lpcxpresso_7.8.0_426/lpcxpresso/tools/bin/../lib/gcc/arm-none-eabi/4.9.3/../../../../arm-none-eabi/lib/armv6-m\libcr_c.a(setvbuf.o)
 .comment       0x00000000       0x71 c:/nxp/lpcxpresso_7.8.0_426/lpcxpresso/tools/bin/../lib/gcc/arm-none-eabi/4.9.3/../../../../arm-none-eabi/lib/armv6-m\libcr_c.a(stdio.o)
 .comment       0x00000000       0x71 c:/nxp/lpcxpresso_7.8.0_426/lpcxpresso/tools/bin/../lib/gcc/arm-none-eabi/4.9.3/../../../../arm-none-eabi/lib/armv6-m\libcr_c.a(strcat.o)
 .comment       0x00000000       0x71 c:/nxp/lpcxpresso_7.8.0_426/lpcxpresso/tools/bin/../lib/gcc/arm-none-eabi/4.9.3/../../../../arm-none-eabi/lib/armv6-m\libcr_c.a(strcpy.o)
 .comment       0x00000000       0x71 c:/nxp/lpcxpresso_7.8.0_426/lpcxpresso/tools/bin/../lib/gcc/arm-none-eabi/4.9.3/../../../../arm-none-eabi/lib/armv6-m\libcr_c.a(strlen.o)
 .comment       0x00000000       0x71 c:/nxp/lpcxpresso_7.8.0_426/lpcxpresso/tools/bin/../lib/gcc/arm-none-eabi/4.9.3/../../../../arm-none-eabi/lib/armv6-m\libcr_c.a(memset.o)
 .comment       0x00000000       0x71 c:/nxp/lpcxpresso_7.8.0_426/lpcxpresso/tools/bin/../lib/gcc/arm-none-eabi/4.9.3/../../../../arm-none-eabi/lib/armv6-m\libcr_c.a(_deferredlazyseek.o)
 .comment       0x00000000       0x71 c:/nxp/lpcxpresso_7.8.0_426/lpcxpresso/tools/bin/../lib/gcc/arm-none-eabi/4.9.3/../../../../arm-none-eabi/lib/armv6-m\libcr_c.a(_fdopen.o)
 .comment       0x00000000       0x71 c:/nxp/lpcxpresso_7.8.0_426/lpcxpresso/tools/bin/../lib/gcc/arm-none-eabi/4.9.3/../../../../arm-none-eabi/lib/armv6-m\libcr_c.a(_fflush.o)
 .comment       0x00000000       0x71 c:/nxp/lpcxpresso_7.8.0_426/lpcxpresso/tools/bin/../lib/gcc/arm-none-eabi/4.9.3/../../../../arm-none-eabi/lib/armv6-m\libcr_c.a(_writebuf.o)
 .comment       0x00000000       0x71 c:/nxp/lpcxpresso_7.8.0_426/lpcxpresso/tools/bin/../lib/gcc/arm-none-eabi/4.9.3/../../../../arm-none-eabi/lib/armv6-m\libcr_c.a(alloc.o)
 .comment       0x00000000       0x71 c:/nxp/lpcxpresso_7.8.0_426/lpcxpresso/tools/bin/../lib/gcc/arm-none-eabi/4.9.3/../../../../arm-none-eabi/lib/armv6-m\libcr_c.a(errno.o)
 .comment       0x00000000       0x71 c:/nxp/lpcxpresso_7.8.0_426/lpcxpresso/tools/bin/../lib/gcc/arm-none-eabi/4.9.3/../../../../arm-none-eabi/lib/armv6-m\libcr_c.a(fclose.o)
 .comment       0x00000000       0x71 c:/nxp/lpcxpresso_7.8.0_426/lpcxpresso/tools/bin/../lib/gcc/arm-none-eabi/4.9.3/../../../../arm-none-eabi/lib/armv6-m\libcr_c.a(fflush.o)
 .comment       0x00000000       0x71 c:/nxp/lpcxpresso_7.8.0_426/lpcxpresso/tools/bin/../lib/gcc/arm-none-eabi/4.9.3/../../../../arm-none-eabi/lib/armv6-m\libcr_c.a(fseek.o)
 .comment       0x00000000       0x71 c:/nxp/lpcxpresso_7.8.0_426/lpcxpresso/tools/bin/../lib/gcc/arm-none-eabi/4.9.3/../../../../arm-none-eabi/lib/armv6-m\libcr_c.a(ftell.o)
 .comment       0x00000000       0x71 c:/nxp/lpcxpresso_7.8.0_426/lpcxpresso/tools/bin/../lib/gcc/arm-none-eabi/4.9.3/../../../../arm-none-eabi/lib/armv6-m\libcr_c.a(remove.o)
 .comment       0x00000000       0x71 c:/nxp/lpcxpresso_7.8.0_426/lpcxpresso/tools/bin/../lib/gcc/arm-none-eabi/4.9.3/../../../../arm-none-eabi/lib/armv6-m\libcr_c.a(__init_alloc.o)
 .comment       0x00000000       0x71 c:/nxp/lpcxpresso_7.8.0_426/lpcxpresso/tools/bin/../lib/gcc/arm-none-eabi/4.9.3/../../../../arm-none-eabi/lib/armv6-m\libcr_c.a(_cr_sbrk.o)
 .comment       0x00000000       0x71 c:/nxp/lpcxpresso_7.8.0_426/lpcxpresso/tools/bin/../lib/gcc/arm-none-eabi/4.9.3/../../../../arm-none-eabi/lib/armv6-m\libcr_c.a(_do_fflush.o)
 .comment       0x00000000       0x71 c:/nxp/lpcxpresso_7.8.0_426/lpcxpresso/tools/bin/../lib/gcc/arm-none-eabi/4.9.3/../../../../arm-none-eabi/lib/armv6-m\libcr_c.a(_cr_check_heap.o)

.ARM.attributes
                0x00000000       0x2f
 .ARM.attributes
                0x00000000       0x31 ./src/L1UDEV001A.o
 .ARM.attributes
                0x00000031       0x31 ./src/cr_startup_lpc11uxx.o
 .ARM.attributes
                0x00000062       0x31 ./src/crp.o
 .ARM.attributes
                0x00000093       0x31 ./src/gpio.o
 .ARM.attributes
                0x000000c4       0x31 ./src/l11uxx_spi_library.o
 .ARM.attributes
                0x000000f5       0x31 ./src/l11uxx_uart_library.o
 .ARM.attributes
                0x00000126       0x31 ./src/lcd_5110_lib.o
 .ARM.attributes
                0x00000157       0x31 C:\Users\Denry\Documents\LPCXpresso_7.8.0_426\workspace8_01_swd\CMSISv2p00_LPC11Uxx\Debug\libCMSISv2p00_LPC11Uxx.a(system_LPC11Uxx.o)
 .ARM.attributes
                0x00000188       0x31 c:/nxp/lpcxpresso_7.8.0_426/lpcxpresso/tools/bin/../lib/gcc/arm-none-eabi/4.9.3/../../../../arm-none-eabi/lib/armv6-m\libcr_semihost.a(_cr__main.o)
 .ARM.attributes
                0x000001b9       0x31 c:/nxp/lpcxpresso_7.8.0_426/lpcxpresso/tools/bin/../lib/gcc/arm-none-eabi/4.9.3/../../../../arm-none-eabi/lib/armv6-m\libcr_c.a(initio.o)
 .ARM.attributes
                0x000001ea       0x31 c:/nxp/lpcxpresso_7.8.0_426/lpcxpresso/tools/bin/../lib/gcc/arm-none-eabi/4.9.3/../../../../arm-none-eabi/lib/armv6-m\libcr_c.a(itoa.o)
 .ARM.attributes
                0x0000021b       0x31 c:/nxp/lpcxpresso_7.8.0_426/lpcxpresso/tools/bin/../lib/gcc/arm-none-eabi/4.9.3/../../../../arm-none-eabi/lib/armv6-m\libcr_c.a(setvbuf.o)
 .ARM.attributes
                0x0000024c       0x31 c:/nxp/lpcxpresso_7.8.0_426/lpcxpresso/tools/bin/../lib/gcc/arm-none-eabi/4.9.3/../../../../arm-none-eabi/lib/armv6-m\libcr_c.a(stdio.o)
 .ARM.attributes
                0x0000027d       0x31 c:/nxp/lpcxpresso_7.8.0_426/lpcxpresso/tools/bin/../lib/gcc/arm-none-eabi/4.9.3/../../../../arm-none-eabi/lib/armv6-m\libcr_c.a(strcat.o)
 .ARM.attributes
                0x000002ae       0x31 c:/nxp/lpcxpresso_7.8.0_426/lpcxpresso/tools/bin/../lib/gcc/arm-none-eabi/4.9.3/../../../../arm-none-eabi/lib/armv6-m\libcr_c.a(strcpy.o)
 .ARM.attributes
                0x000002df       0x31 c:/nxp/lpcxpresso_7.8.0_426/lpcxpresso/tools/bin/../lib/gcc/arm-none-eabi/4.9.3/../../../../arm-none-eabi/lib/armv6-m\libcr_c.a(strlen.o)
 .ARM.attributes
                0x00000310       0x31 c:/nxp/lpcxpresso_7.8.0_426/lpcxpresso/tools/bin/../lib/gcc/arm-none-eabi/4.9.3/../../../../arm-none-eabi/lib/armv6-m\libcr_c.a(memset.o)
 .ARM.attributes
                0x00000341       0x31 c:/nxp/lpcxpresso_7.8.0_426/lpcxpresso/tools/bin/../lib/gcc/arm-none-eabi/4.9.3/../../../../arm-none-eabi/lib/armv6-m\libcr_c.a(_deferredlazyseek.o)
 .ARM.attributes
                0x00000372       0x31 c:/nxp/lpcxpresso_7.8.0_426/lpcxpresso/tools/bin/../lib/gcc/arm-none-eabi/4.9.3/../../../../arm-none-eabi/lib/armv6-m\libcr_c.a(_fdopen.o)
 .ARM.attributes
                0x000003a3       0x31 c:/nxp/lpcxpresso_7.8.0_426/lpcxpresso/tools/bin/../lib/gcc/arm-none-eabi/4.9.3/../../../../arm-none-eabi/lib/armv6-m\libcr_c.a(_fflush.o)
 .ARM.attributes
                0x000003d4       0x31 c:/nxp/lpcxpresso_7.8.0_426/lpcxpresso/tools/bin/../lib/gcc/arm-none-eabi/4.9.3/../../../../arm-none-eabi/lib/armv6-m\libcr_c.a(_writebuf.o)
 .ARM.attributes
                0x00000405       0x31 c:/nxp/lpcxpresso_7.8.0_426/lpcxpresso/tools/bin/../lib/gcc/arm-none-eabi/4.9.3/../../../../arm-none-eabi/lib/armv6-m\libcr_c.a(alloc.o)
 .ARM.attributes
                0x00000436       0x31 c:/nxp/lpcxpresso_7.8.0_426/lpcxpresso/tools/bin/../lib/gcc/arm-none-eabi/4.9.3/../../../../arm-none-eabi/lib/armv6-m\libcr_c.a(errno.o)
 .ARM.attributes
                0x00000467       0x31 c:/nxp/lpcxpresso_7.8.0_426/lpcxpresso/tools/bin/../lib/gcc/arm-none-eabi/4.9.3/../../../../arm-none-eabi/lib/armv6-m\libcr_c.a(fclose.o)
 .ARM.attributes
                0x00000498       0x31 c:/nxp/lpcxpresso_7.8.0_426/lpcxpresso/tools/bin/../lib/gcc/arm-none-eabi/4.9.3/../../../../arm-none-eabi/lib/armv6-m\libcr_c.a(fflush.o)
 .ARM.attributes
                0x000004c9       0x31 c:/nxp/lpcxpresso_7.8.0_426/lpcxpresso/tools/bin/../lib/gcc/arm-none-eabi/4.9.3/../../../../arm-none-eabi/lib/armv6-m\libcr_c.a(fseek.o)
 .ARM.attributes
                0x000004fa       0x31 c:/nxp/lpcxpresso_7.8.0_426/lpcxpresso/tools/bin/../lib/gcc/arm-none-eabi/4.9.3/../../../../arm-none-eabi/lib/armv6-m\libcr_c.a(ftell.o)
 .ARM.attributes
                0x0000052b       0x31 c:/nxp/lpcxpresso_7.8.0_426/lpcxpresso/tools/bin/../lib/gcc/arm-none-eabi/4.9.3/../../../../arm-none-eabi/lib/armv6-m\libcr_c.a(remove.o)
 .ARM.attributes
                0x0000055c       0x31 c:/nxp/lpcxpresso_7.8.0_426/lpcxpresso/tools/bin/../lib/gcc/arm-none-eabi/4.9.3/../../../../arm-none-eabi/lib/armv6-m\libcr_c.a(__init_alloc.o)
 .ARM.attributes
                0x0000058d       0x31 c:/nxp/lpcxpresso_7.8.0_426/lpcxpresso/tools/bin/../lib/gcc/arm-none-eabi/4.9.3/../../../../arm-none-eabi/lib/armv6-m\libcr_c.a(_cr_sbrk.o)
 .ARM.attributes
                0x000005be       0x31 c:/nxp/lpcxpresso_7.8.0_426/lpcxpresso/tools/bin/../lib/gcc/arm-none-eabi/4.9.3/../../../../arm-none-eabi/lib/armv6-m\libcr_c.a(_do_fflush.o)
 .ARM.attributes
                0x000005ef       0x31 c:/nxp/lpcxpresso_7.8.0_426/lpcxpresso/tools/bin/../lib/gcc/arm-none-eabi/4.9.3/../../../../arm-none-eabi/lib/armv6-m\libcr_c.a(_cr_check_heap.o)
 .ARM.attributes
                0x00000620       0x21 c:/nxp/lpcxpresso_7.8.0_426/lpcxpresso/tools/bin/../lib/gcc/arm-none-eabi/4.9.3/armv6-m\libcr_eabihelpers.a(division_32.o)
 .ARM.attributes
                0x00000641       0x21 c:/nxp/lpcxpresso_7.8.0_426/lpcxpresso/tools/bin/../lib/gcc/arm-none-eabi/4.9.3/armv6-m\libcr_eabihelpers.a(division_idiv0.o)
 .ARM.attributes
                0x00000662       0x21 c:/nxp/lpcxpresso_7.8.0_426/lpcxpresso/tools/bin/../lib/gcc/arm-none-eabi/4.9.3/armv6-m\libcr_eabihelpers.a(memcpy.o)
 .ARM.attributes
                0x00000683       0x21 c:/nxp/lpcxpresso_7.8.0_426/lpcxpresso/tools/bin/../lib/gcc/arm-none-eabi/4.9.3/../../../../arm-none-eabi/lib/armv6-m\libcr_semihost.a(__sys_appexit.o)
 .ARM.attributes
                0x000006a4       0x21 c:/nxp/lpcxpresso_7.8.0_426/lpcxpresso/tools/bin/../lib/gcc/arm-none-eabi/4.9.3/../../../../arm-none-eabi/lib/armv6-m\libcr_semihost.a(__sys_close.o)
 .ARM.attributes
                0x000006c5       0x21 c:/nxp/lpcxpresso_7.8.0_426/lpcxpresso/tools/bin/../lib/gcc/arm-none-eabi/4.9.3/../../../../arm-none-eabi/lib/armv6-m\libcr_semihost.a(__sys_flen.o)
 .ARM.attributes
                0x000006e6       0x21 c:/nxp/lpcxpresso_7.8.0_426/lpcxpresso/tools/bin/../lib/gcc/arm-none-eabi/4.9.3/../../../../arm-none-eabi/lib/armv6-m\libcr_semihost.a(__sys_istty.o)
 .ARM.attributes
                0x00000707       0x21 c:/nxp/lpcxpresso_7.8.0_426/lpcxpresso/tools/bin/../lib/gcc/arm-none-eabi/4.9.3/../../../../arm-none-eabi/lib/armv6-m\libcr_semihost.a(__sys_remove.o)
 .ARM.attributes
                0x00000728       0x21 c:/nxp/lpcxpresso_7.8.0_426/lpcxpresso/tools/bin/../lib/gcc/arm-none-eabi/4.9.3/../../../../arm-none-eabi/lib/armv6-m\libcr_semihost.a(__sys_seek.o)
 .ARM.attributes
                0x00000749       0x21 c:/nxp/lpcxpresso_7.8.0_426/lpcxpresso/tools/bin/../lib/gcc/arm-none-eabi/4.9.3/../../../../arm-none-eabi/lib/armv6-m\libcr_semihost.a(__sys_tmpnam.o)
 .ARM.attributes
                0x0000076a       0x21 c:/nxp/lpcxpresso_7.8.0_426/lpcxpresso/tools/bin/../lib/gcc/arm-none-eabi/4.9.3/../../../../arm-none-eabi/lib/armv6-m\libcr_semihost.a(__sys_write.o)

.debug_frame    0x00000000      0x77c
 .debug_frame   0x00000000      0x104 ./src/L1UDEV001A.o
 .debug_frame   0x00000104      0x118 ./src/cr_startup_lpc11uxx.o
 .debug_frame   0x0000021c      0x12c ./src/gpio.o
 .debug_frame   0x00000348      0x110 ./src/l11uxx_spi_library.o
 .debug_frame   0x00000458       0x90 ./src/l11uxx_uart_library.o
 .debug_frame   0x000004e8      0x254 ./src/lcd_5110_lib.o
 .debug_frame   0x0000073c       0x40 C:\Users\Denry\Documents\LPCXpresso_7.8.0_426\workspace8_01_swd\CMSISv2p00_LPC11Uxx\Debug\libCMSISv2p00_LPC11Uxx.a(system_LPC11Uxx.o)

.debug_loc      0x00000000       0x57
 .debug_loc     0x00000000       0x57 C:\Users\Denry\Documents\LPCXpresso_7.8.0_426\workspace8_01_swd\CMSISv2p00_LPC11Uxx\Debug\libCMSISv2p00_LPC11Uxx.a(system_LPC11Uxx.o)
