Archive member included to satisfy reference by file (symbol)

C:\Users\denry.LIEWENTHAL\Documents\LPCXpresso_8.1.2_603\workspace_11u35\CMSISv2p00_LPC11Uxx\Debug\libCMSISv2p00_LPC11Uxx.a(system_LPC11Uxx.o)
                              ./src/cr_startup_lpc11uxx.o (SystemInit)
c:/nxp/lpcxpresso_8.1.2_603/lpcxpresso/tools/bin/../lib/gcc/arm-none-eabi/5.2.1/../../../../arm-none-eabi/lib/armv6-m\libcr_semihost.a(_cr__main.o)
                              ./src/cr_startup_lpc11uxx.o (__main)
c:/nxp/lpcxpresso_8.1.2_603/lpcxpresso/tools/bin/../lib/gcc/arm-none-eabi/5.2.1/../../../../arm-none-eabi/lib/armv6-m\libcr_c.a(memcpy.o)
                              ./src/L1UDEV001A_HW_tests.o (memcpy)
c:/nxp/lpcxpresso_8.1.2_603/lpcxpresso/tools/bin/../lib/gcc/arm-none-eabi/5.2.1/../../../../arm-none-eabi/lib/armv6-m\libcr_c.a(memset.o)
                              ./src/L1UDEV001A_HW_tests.o (memset)
c:/nxp/lpcxpresso_8.1.2_603/lpcxpresso/tools/bin/../lib/gcc/arm-none-eabi/5.2.1/../../../../arm-none-eabi/lib/armv6-m\libcr_c.a(cos.o)
                              ./src/lcd_5110_lib.o (cos)
c:/nxp/lpcxpresso_8.1.2_603/lpcxpresso/tools/bin/../lib/gcc/arm-none-eabi/5.2.1/../../../../arm-none-eabi/lib/armv6-m\libcr_c.a(fpprintf.o)
                              ./src/L1UDEV001A.o (sprintf)
c:/nxp/lpcxpresso_8.1.2_603/lpcxpresso/tools/bin/../lib/gcc/arm-none-eabi/5.2.1/../../../../arm-none-eabi/lib/armv6-m\libcr_c.a(initio.o)
                              c:/nxp/lpcxpresso_8.1.2_603/lpcxpresso/tools/bin/../lib/gcc/arm-none-eabi/5.2.1/../../../../arm-none-eabi/lib/armv6-m\libcr_semihost.a(_cr__main.o) (_initio)
c:/nxp/lpcxpresso_8.1.2_603/lpcxpresso/tools/bin/../lib/gcc/arm-none-eabi/5.2.1/../../../../arm-none-eabi/lib/armv6-m\libcr_c.a(itoa.o)
                              ./src/L1UDEV001A_HW_tests.o (uitoa)
c:/nxp/lpcxpresso_8.1.2_603/lpcxpresso/tools/bin/../lib/gcc/arm-none-eabi/5.2.1/../../../../arm-none-eabi/lib/armv6-m\libcr_c.a(printf.o)
                              c:/nxp/lpcxpresso_8.1.2_603/lpcxpresso/tools/bin/../lib/gcc/arm-none-eabi/5.2.1/../../../../arm-none-eabi/lib/armv6-m\libcr_c.a(fpprintf.o) (__vfprintf)
c:/nxp/lpcxpresso_8.1.2_603/lpcxpresso/tools/bin/../lib/gcc/arm-none-eabi/5.2.1/../../../../arm-none-eabi/lib/armv6-m\libcr_c.a(setvbuf.o)
                              c:/nxp/lpcxpresso_8.1.2_603/lpcxpresso/tools/bin/../lib/gcc/arm-none-eabi/5.2.1/../../../../arm-none-eabi/lib/armv6-m\libcr_c.a(initio.o) (setvbuf)
c:/nxp/lpcxpresso_8.1.2_603/lpcxpresso/tools/bin/../lib/gcc/arm-none-eabi/5.2.1/../../../../arm-none-eabi/lib/armv6-m\libcr_c.a(sin.o)
                              ./src/lcd_5110_lib.o (sin)
c:/nxp/lpcxpresso_8.1.2_603/lpcxpresso/tools/bin/../lib/gcc/arm-none-eabi/5.2.1/../../../../arm-none-eabi/lib/armv6-m\libcr_c.a(stdio.o)
                              c:/nxp/lpcxpresso_8.1.2_603/lpcxpresso/tools/bin/../lib/gcc/arm-none-eabi/5.2.1/../../../../arm-none-eabi/lib/armv6-m\libcr_c.a(fpprintf.o) (__Ciob)
c:/nxp/lpcxpresso_8.1.2_603/lpcxpresso/tools/bin/../lib/gcc/arm-none-eabi/5.2.1/../../../../arm-none-eabi/lib/armv6-m\libcr_c.a(strcat.o)
                              ./src/L1UDEV001A_HW_tests.o (strcat)
c:/nxp/lpcxpresso_8.1.2_603/lpcxpresso/tools/bin/../lib/gcc/arm-none-eabi/5.2.1/../../../../arm-none-eabi/lib/armv6-m\libcr_c.a(strcpy.o)
                              ./src/L1UDEV001A.o (strcpy)
c:/nxp/lpcxpresso_8.1.2_603/lpcxpresso/tools/bin/../lib/gcc/arm-none-eabi/5.2.1/../../../../arm-none-eabi/lib/armv6-m\libcr_c.a(strlen.o)
                              ./src/bitbangUART.o (strlen)
c:/nxp/lpcxpresso_8.1.2_603/lpcxpresso/tools/bin/../lib/gcc/arm-none-eabi/5.2.1/../../../../arm-none-eabi/lib/armv6-m\libcr_c.a(strncpy.o)
                              ./src/esp8266.o (strncpy)
c:/nxp/lpcxpresso_8.1.2_603/lpcxpresso/tools/bin/../lib/gcc/arm-none-eabi/5.2.1/../../../../arm-none-eabi/lib/armv6-m\libcr_c.a(strstr.o)
                              ./src/esp8266.o (strstr)
c:/nxp/lpcxpresso_8.1.2_603/lpcxpresso/tools/bin/../lib/gcc/arm-none-eabi/5.2.1/../../../../arm-none-eabi/lib/armv6-m\libcr_c.a(__fillbuf.o)
                              c:/nxp/lpcxpresso_8.1.2_603/lpcxpresso/tools/bin/../lib/gcc/arm-none-eabi/5.2.1/../../../../arm-none-eabi/lib/armv6-m\libcr_c.a(stdio.o) (__filbuf)
c:/nxp/lpcxpresso_8.1.2_603/lpcxpresso/tools/bin/../lib/gcc/arm-none-eabi/5.2.1/../../../../arm-none-eabi/lib/armv6-m\libcr_c.a(_deferredlazyseek.o)
                              c:/nxp/lpcxpresso_8.1.2_603/lpcxpresso/tools/bin/../lib/gcc/arm-none-eabi/5.2.1/../../../../arm-none-eabi/lib/armv6-m\libcr_c.a(__fillbuf.o) (_deferredlazyseek)
c:/nxp/lpcxpresso_8.1.2_603/lpcxpresso/tools/bin/../lib/gcc/arm-none-eabi/5.2.1/../../../../arm-none-eabi/lib/armv6-m\libcr_c.a(_fdopen.o)
                              c:/nxp/lpcxpresso_8.1.2_603/lpcxpresso/tools/bin/../lib/gcc/arm-none-eabi/5.2.1/../../../../arm-none-eabi/lib/armv6-m\libcr_c.a(initio.o) (_fdopen)
[...]
Memory Configuration

Name             Origin             Length             Attributes
MFlash64         0x00000000         0x00010000         xr
RamLoc8          0x10000000         0x00002000         xrw
RamUsb2          0x20004000         0x00000800         xrw
*default*        0x00000000         0xffffffff

Linker script and memory map

LOAD ./src/ILI9341.o
LOAD ./src/L1UDEV001A.o
LOAD ./src/L1UDEV001A_HW_tests.o
LOAD ./src/aeabi_romdiv_patch.o
LOAD ./src/bitbangUART.o
LOAD ./src/cr_startup_lpc11uxx.o
LOAD ./src/crp.o
LOAD ./src/esp8266.o
LOAD ./src/flash25P10.o
LOAD ./src/gpio.o
LOAD ./src/l11uxx_adc_library.o
LOAD ./src/l11uxx_spi_library.o
LOAD ./src/l11uxx_timer_lib.o
LOAD ./src/l11uxx_uart_library.o
LOAD ./src/lcd_5110_lib.o
LOAD ./src/nrf24l01_lib.o
LOAD C:\Users\denry.LIEWENTHAL\Documents\LPCXpresso_8.1.2_603\workspace_11u35\CMSISv2p00_LPC11Uxx\Debug\libCMSISv2p00_LPC11Uxx.a
START GROUP
LOAD c:/nxp/lpcxpresso_8.1.2_603/lpcxpresso/tools/bin/../lib/gcc/arm-none-eabi/5.2.1/../../../../arm-none-eabi/lib/armv6-m\libcr_semihost.a
LOAD c:/nxp/lpcxpresso_8.1.2_603/lpcxpresso/tools/bin/../lib/gcc/arm-none-eabi/5.2.1/../../../../arm-none-eabi/lib/armv6-m\libcr_c.a
LOAD c:/nxp/lpcxpresso_8.1.2_603/lpcxpresso/tools/bin/../lib/gcc/arm-none-eabi/5.2.1/armv6-m\libcr_eabihelpers.a
END GROUP
                0x00000000                __base_MFlash64 = 0x0
                0x00000000                __base_Flash = 0x0
                0x00010000                __top_MFlash64 = 0x10000
                0x00010000                __top_Flash = 0x10000
                0x10000000                __base_RamLoc8 = 0x10000000
                0x10000000                __base_RAM = 0x10000000
                0x10002000                __top_RamLoc8 = 0x10002000
                0x10002000                __top_RAM = 0x10002000
                0x20004000                __base_RamUsb2 = 0x20004000
                0x20004000                __base_RAM2 = 0x20004000
                0x20004800                __top_RamUsb2 = 0x20004800
                0x20004800                __top_RAM2 = 0x20004800

.text           0x00000000     0x34a4
 FILL mask 0xff
                0x00000000                __vectors_start__ = ABSOLUTE (.)
 *(.isr_vector)
 .isr_vector    0x00000000       0xc0 ./src/cr_startup_lpc11uxx.o
                0x00000000                g_pfnVectors
                0x000000c0                . = ALIGN (0x4)
                0x000000c0                __section_table_start = .
                0x000000c0                __data_section_table = .
                0x000000c0        0x4 LONG 0x34a4 LOADADDR (.data)
                0x000000c4        0x4 LONG 0x10000000 ADDR (.data)
                0x000000c8        0x4 LONG 0x8 SIZEOF (.data)
                0x000000cc        0x4 LONG 0x34a4 LOADADDR (.data_RAM2)
                0x000000d0        0x4 LONG 0x20004000 ADDR (.data_RAM2)
                0x000000d4        0x4 LONG 0x0 SIZEOF (.data_RAM2)
                0x000000d8                __data_section_table_end = .
                0x000000d8                __bss_section_table = .
                0x000000d8        0x4 LONG 0x10000008 ADDR (.bss)
                0x000000dc        0x4 LONG 0xa00 SIZEOF (.bss)
                0x000000e0        0x4 LONG 0x20004000 ADDR (.bss_RAM2)
                0x000000e4        0x4 LONG 0x0 SIZEOF (.bss_RAM2)
                0x000000e8                __bss_section_table_end = .
                0x000000e8                __section_table_end = .
 *(.after_vectors*)
 .after_vectors
                0x000000e8      0x138 ./src/cr_startup_lpc11uxx.o
                0x000000e8                data_init
                0x00000128                bss_init
                0x0000015c                ResetISR
                0x000001f0                NMI_Handler
                0x000001f8                HardFault_Handler
                0x00000200                SVC_Handler
                0x00000208                PendSV_Handler
                0x00000210                SysTick_Handler
                0x00000218                TIMER32_1_IRQHandler
                0x00000218                FLEX_INT1_IRQHandler
                0x00000218                IntDefaultHandler
                0x00000218                SSP0_IRQHandler
                0x00000218                USBWakeup_IRQHandler
                0x00000218                FLEX_INT7_IRQHandler
                0x00000218                FLEX_INT0_IRQHandler
                0x00000218                TIMER32_0_IRQHandler
                0x00000218                TIMER16_1_IRQHandler
                0x00000218                USB_FIQHandler
                0x00000218                FLEX_INT5_IRQHandler
                0x00000218                ADC_IRQHandler
                0x00000218                SSP1_IRQHandler
                0x00000218                FLEX_INT3_IRQHandler
                0x00000218                USB_IRQHandler
                0x00000218                BOD_IRQHandler
                0x00000218                I2C_IRQHandler
                0x00000218                WDT_IRQHandler
                0x00000218                FLEX_INT2_IRQHandler
                0x00000218                GINT0_IRQHandler
                0x00000218                FLEX_INT4_IRQHandler
                0x00000218                TIMER16_0_IRQHandler
                0x00000218                FLEX_INT6_IRQHandler
                0x00000218                FMC_IRQHandler
                0x00000218                GINT1_IRQHandler
                0x000002fc                . = 0x2fc
 *fill*         0x00000220       0xdc ff
                0x000002fc                PROVIDE (__CRP_WORD_START__, .)
 *(.crp)
 .crp           0x000002fc        0x4 ./src/crp.o
                0x000002fc                CRP_WORD
                0x00000300                PROVIDE (__CRP_WORD_END__, .)
                0x00000001                ASSERT (! ((__CRP_WORD_START__ == __CRP_WORD_END__)), Linker CRP Enabled, but no CRP_WORD provided within application)
 *(.text*)
 .text.delay_us
                0x00000300       0x6c ./src/L1UDEV001A.o
                0x00000300                delay_us
 .text.delay    0x0000036c       0x38 ./src/L1UDEV001A.o
                0x0000036c                delay
 .text.setup48MHzInternalClock
                0x000003a4       0xd0 ./src/L1UDEV001A.o
                0x000003a4                setup48MHzInternalClock
 .text.setupClocks
                0x00000474       0xdc ./src/L1UDEV001A.o
                0x00000474                setupClocks
 .text.debugOutput
                0x00000550       0x20 ./src/L1UDEV001A.o
                0x00000550                debugOutput
 .text.main     0x00000570      0x2f8 ./src/L1UDEV001A.o
                0x00000570                main
 .text.bitbangUARTbyte
                0x00000868      0x144 ./src/bitbangUART.o
                0x00000868                bitbangUARTbyte
 .text.bitbangUARTmessage
                0x000009ac       0x40 ./src/bitbangUART.o
                0x000009ac                bitbangUARTmessage
 .text.bitbangUARTint
                0x000009ec       0x88 ./src/bitbangUART.o
                0x000009ec                bitbangUARTint
 .text.bitbangUARThex
                0x00000a74       0x94 ./src/bitbangUART.o
                0x00000a74                bitbangUARThex
 .text.bitbangUARTbin
                0x00000b08       0x90 ./src/bitbangUART.o
                0x00000b08                bitbangUARTbin
 .text.esp8266_debugOutput
                0x00000b98       0x28 ./src/esp8266.o
                0x00000b98                esp8266_debugOutput
 .text.esp8266_sendCommandAndReadResponse
                0x00000bc0      0x3d0 ./src/esp8266.o
                0x00000bc0                esp8266_sendCommandAndReadResponse
 .text.esp8266_sendCommandAndWaitOK
                0x00000f90       0x40 ./src/esp8266.o
                0x00000f90                esp8266_sendCommandAndWaitOK
 .text.esp8266_isAlive
                0x00000fd0       0x20 ./src/esp8266.o
                0x00000fd0                esp8266_isAlive
 .text.esp8266_SWreset
                0x00000ff0       0x18 ./src/esp8266.o
                0x00000ff0                esp8266_SWreset
 .text.esp8266_setUARTMode
                0x00001008       0xdc ./src/esp8266.o
                0x00001008                esp8266_setUARTMode
 .text.esp8266_joinAP
                0x000010e4      0x198 ./src/esp8266.o
                0x000010e4                esp8266_joinAP
 .text.GPIOSetDir
                0x0000127c       0x80 ./src/gpio.o
                0x0000127c                GPIOSetDir
 .text.GPIOSetValue
                0x000012fc       0x80 ./src/gpio.o
                0x000012fc                GPIOSetValue
 .text.l11uxx_spi_pinSetup
                0x0000137c       0xac ./src/l11uxx_spi_library.o
                0x0000137c                l11uxx_spi_pinSetup
 .text.l11uxx_spi_init
                0x00001428       0xf8 ./src/l11uxx_spi_library.o
                0x00001428                l11uxx_spi_init
 .text.l11uxx_spi_sendByte
                0x00001520       0x68 ./src/l11uxx_spi_library.o
                0x00001520                l11uxx_spi_sendByte
 .text.NVIC_EnableIRQ
                0x00001588       0x2c ./src/l11uxx_uart_library.o
 .text.l11uxx_uart_pinSetup_unset
                0x000015b4       0x9c ./src/l11uxx_uart_library.o
                0x000015b4                l11uxx_uart_pinSetup_unset
 .text.l11uxx_uart_pinSetup
                0x00001650       0xac ./src/l11uxx_uart_library.o
                0x00001650                l11uxx_uart_pinSetup
 .text.l11uxx_uart_Send
                0x000016fc       0x48 ./src/l11uxx_uart_library.o
                0x000016fc                l11uxx_uart_Send
 .text.l11uxx_uart_sendToBuffer
                0x00001744       0xa0 ./src/l11uxx_uart_library.o
                0x00001744                l11uxx_uart_sendToBuffer
 .text.l11uxx_uart_clearRxBuffer
                0x000017e4       0x44 ./src/l11uxx_uart_library.o
                0x000017e4                l11uxx_uart_clearRxBuffer
 .text.UART_IRQHandler
                0x00001828       0x1c ./src/l11uxx_uart_library.o
                0x00001828                UART_IRQHandler
 .text.l11uxx_uart_spewBuffer
                0x00001844      0x128 ./src/l11uxx_uart_library.o
                0x00001844                l11uxx_uart_spewBuffer
 .text.l11uxx_uart_init
                0x0000196c       0xb0 ./src/l11uxx_uart_library.o
                0x0000196c                l11uxx_uart_init
 .text.lcd_5110_reset
                0x00001a1c       0x20 ./src/lcd_5110_lib.o
                0x00001a1c                lcd_5110_reset
 .text.lcd_5110_clear
                0x00001a3c       0x44 ./src/lcd_5110_lib.o
                0x00001a3c                lcd_5110_clear
 .text.lcd_5110_clear_framebuffer
                0x00001a80       0x4c ./src/lcd_5110_lib.o
                0x00001a80                lcd_5110_clear_framebuffer
 .text.lcd_5110_init
                0x00001acc       0x7c ./src/lcd_5110_lib.o
                0x00001acc                lcd_5110_init
 .text.lcd_5110_sendByte
                0x00001b48       0x30 ./src/lcd_5110_lib.o
                0x00001b48                lcd_5110_sendByte
 .text.lcd_5110_sendData
                0x00001b78       0x24 ./src/lcd_5110_lib.o
                0x00001b78                lcd_5110_sendData
 .text.lcd_5110_sendCommand
                0x00001b9c       0x24 ./src/lcd_5110_lib.o
                0x00001b9c                lcd_5110_sendCommand
 .text.lcd_5110_setAddressX
                0x00001bc0       0x20 ./src/lcd_5110_lib.o
                0x00001bc0                lcd_5110_setAddressX
 .text.lcd_5110_setAddressY
                0x00001be0       0x28 ./src/lcd_5110_lib.o
                0x00001be0                lcd_5110_setAddressY
 .text.lcd_5110_redraw
                0x00001c08       0x6c ./src/lcd_5110_lib.o
                0x00001c08                lcd_5110_redraw
 .text.lcd_5110_shiftRowsUp
                0x00001c74       0x8c ./src/lcd_5110_lib.o
                0x00001c74                lcd_5110_shiftRowsUp
 .text.lcd_5110_printString
                0x00001d00       0xb8 ./src/lcd_5110_lib.o
                0x00001d00                lcd_5110_printString
 .text.lcd_5110_printAsConsole
                0x00001db8      0x114 ./src/lcd_5110_lib.o
                0x00001db8                lcd_5110_printAsConsole
 .text.SystemInit
                0x00001ecc       0x80 C:\Users\denry.LIEWENTHAL\Documents\LPCXpresso_8.1.2_603\workspace_11u35\CMSISv2p00_LPC11Uxx\Debug\libCMSISv2p00_LPC11Uxx.a(system_LPC11Uxx.o)
                0x00001ecc                SystemInit
 .text.__main   0x00001f4c       0x12 c:/nxp/lpcxpresso_8.1.2_603/lpcxpresso/tools/bin/../lib/gcc/arm-none-eabi/5.2.1/../../../../arm-none-eabi/lib/armv6-m\libcr_semihost.a(_cr__main.o)
                0x00001f4c                __CR_SEMIHOST
                0x00001f4c                __main
 .text.memset   0x00001f5e        0x8 c:/nxp/lpcxpresso_8.1.2_603/lpcxpresso/tools/bin/../lib/gcc/arm-none-eabi/5.2.1/../../../../arm-none-eabi/lib/armv6-m\libcr_c.a(memset.o)
                0x00001f5e                memset
 *fill*         0x00001f66        0x2 ff
 .text._initio  0x00001f68       0xa8 c:/nxp/lpcxpresso_8.1.2_603/lpcxpresso/tools/bin/../lib/gcc/arm-none-eabi/5.2.1/../../../../arm-none-eabi/lib/armv6-m\libcr_c.a(initio.o)
                0x00001f68                _initio
 .text.itoa     0x00002010       0x68 c:/nxp/lpcxpresso_8.1.2_603/lpcxpresso/tools/bin/../lib/gcc/arm-none-eabi/5.2.1/../../../../arm-none-eabi/lib/armv6-m\libcr_c.a(itoa.o)
                0x00002010                itoa
 .text.setvbuf  0x00002078       0x48 c:/nxp/lpcxpresso_8.1.2_603/lpcxpresso/tools/bin/../lib/gcc/arm-none-eabi/5.2.1/../../../../arm-none-eabi/lib/armv6-m\libcr_c.a(setvbuf.o)
                0x00002078                setvbuf
 .text.strcat   0x000020c0       0x1a c:/nxp/lpcxpresso_8.1.2_603/lpcxpresso/tools/bin/../lib/gcc/arm-none-eabi/5.2.1/../../../../arm-none-eabi/lib/armv6-m\libcr_c.a(strcat.o)
                0x000020c0                strcat
 *fill*         0x000020da        0x2 ff
 .text.strcpy   0x000020dc       0x44 c:/nxp/lpcxpresso_8.1.2_603/lpcxpresso/tools/bin/../lib/gcc/arm-none-eabi/5.2.1/../../../../arm-none-eabi/lib/armv6-m\libcr_c.a(strcpy.o)
                0x000020dc                strcpy
 .text.strlen   0x00002120       0x54 c:/nxp/lpcxpresso_8.1.2_603/lpcxpresso/tools/bin/../lib/gcc/arm-none-eabi/5.2.1/../../../../arm-none-eabi/lib/armv6-m\libcr_c.a(strlen.o)
                0x00002120                strlen
 .text.strncpy  0x00002174       0x58 c:/nxp/lpcxpresso_8.1.2_603/lpcxpresso/tools/bin/../lib/gcc/arm-none-eabi/5.2.1/../../../../arm-none-eabi/lib/armv6-m\libcr_c.a(strncpy.o)
                0x00002174                strncpy
 .text.strstr   0x000021cc       0x22 c:/nxp/lpcxpresso_8.1.2_603/lpcxpresso/tools/bin/../lib/gcc/arm-none-eabi/5.2.1/../../../../arm-none-eabi/lib/armv6-m\libcr_c.a(strstr.o)
                0x000021cc                strstr
 *fill*         0x000021ee        0x2 ff
 .text._deferredlazyseek
                0x000021f0       0x44 c:/nxp/lpcxpresso_8.1.2_603/lpcxpresso/tools/bin/../lib/gcc/arm-none-eabi/5.2.1/../../../../arm-none-eabi/lib/armv6-m\libcr_c.a(_deferredlazyseek.o)
                0x000021f0                _deferredlazyseek
 .text._fdopen  0x00002234       0x74 c:/nxp/lpcxpresso_8.1.2_603/lpcxpresso/tools/bin/../lib/gcc/arm-none-eabi/5.2.1/../../../../arm-none-eabi/lib/armv6-m\libcr_c.a(_fdopen.o)
                0x00002234                _fdopen
 .text._fflush  0x000022a8       0x64 c:/nxp/lpcxpresso_8.1.2_603/lpcxpresso/tools/bin/../lib/gcc/arm-none-eabi/5.2.1/../../../../arm-none-eabi/lib/armv6-m\libcr_c.a(_fflush.o)
                0x000022a8                _fflush
 .text._Cwritebuf
                0x0000230c       0x6c c:/nxp/lpcxpresso_8.1.2_603/lpcxpresso/tools/bin/../lib/gcc/arm-none-eabi/5.2.1/../../../../arm-none-eabi/lib/armv6-m\libcr_c.a(_writebuf.o)
                0x0000230c                _Cwritebuf
 .text.malloc   0x00002378       0xcc c:/nxp/lpcxpresso_8.1.2_603/lpcxpresso/tools/bin/../lib/gcc/arm-none-eabi/5.2.1/../../../../arm-none-eabi/lib/armv6-m\libcr_c.a(alloc.o)
                0x00002378                malloc
 .text.free     0x00002444       0x2e c:/nxp/lpcxpresso_8.1.2_603/lpcxpresso/tools/bin/../lib/gcc/arm-none-eabi/5.2.1/../../../../arm-none-eabi/lib/armv6-m\libcr_c.a(alloc.o)
                0x00002444                free
 *fill*         0x00002472        0x2 ff
 .text._Csys_alloc
                0x00002474       0x20 c:/nxp/lpcxpresso_8.1.2_603/lpcxpresso/tools/bin/../lib/gcc/arm-none-eabi/5.2.1/../../../../arm-none-eabi/lib/armv6-m\libcr_c.a(alloc.o)
                0x00002474                _Csys_alloc
 .text.fclose   0x00002494       0x70 c:/nxp/lpcxpresso_8.1.2_603/lpcxpresso/tools/bin/../lib/gcc/arm-none-eabi/5.2.1/../../../../arm-none-eabi/lib/armv6-m\libcr_c.a(fclose.o)
                0x00002494                fclose
 .text.fflush   0x00002504       0x34 c:/nxp/lpcxpresso_8.1.2_603/lpcxpresso/tools/bin/../lib/gcc/arm-none-eabi/5.2.1/../../../../arm-none-eabi/lib/armv6-m\libcr_c.a(fflush.o)
                0x00002504                fflush
 .text.fseek    0x00002538      0x100 c:/nxp/lpcxpresso_8.1.2_603/lpcxpresso/tools/bin/../lib/gcc/arm-none-eabi/5.2.1/../../../../arm-none-eabi/lib/armv6-m\libcr_c.a(fseek.o)
                0x00002538                fseek
 .text.ftell    0x00002638       0x4c c:/nxp/lpcxpresso_8.1.2_603/lpcxpresso/tools/bin/../lib/gcc/arm-none-eabi/5.2.1/../../../../arm-none-eabi/lib/armv6-m\libcr_c.a(ftell.o)
                0x00002638                ftell
 .text.remove   0x00002684       0x12 c:/nxp/lpcxpresso_8.1.2_603/lpcxpresso/tools/bin/../lib/gcc/arm-none-eabi/5.2.1/../../../../arm-none-eabi/lib/armv6-m\libcr_c.a(remove.o)
                0x00002684                remove
 *fill*         0x00002696        0x2 ff
 .text._sbrk    0x00002698       0x40 c:/nxp/lpcxpresso_8.1.2_603/lpcxpresso/tools/bin/../lib/gcc/arm-none-eabi/5.2.1/../../../../arm-none-eabi/lib/armv6-m\libcr_c.a(_cr_sbrk.o)
                0x00002698                _sbrk
 .text._do_fflush
                0x000026d8       0x48 c:/nxp/lpcxpresso_8.1.2_603/lpcxpresso/tools/bin/../lib/gcc/arm-none-eabi/5.2.1/../../../../arm-none-eabi/lib/armv6-m\libcr_c.a(_do_fflush.o)
                0x000026d8                _do_fflush
 .text.__check_heap_overflow
                0x00002720       0x14 c:/nxp/lpcxpresso_8.1.2_603/lpcxpresso/tools/bin/../lib/gcc/arm-none-eabi/5.2.1/../../../../arm-none-eabi/lib/armv6-m\libcr_c.a(_cr_check_heap.o)
                0x00002720                __check_heap_overflow
 .text.__aeabi_division_idivmod
                0x00002734       0x78 c:/nxp/lpcxpresso_8.1.2_603/lpcxpresso/tools/bin/../lib/gcc/arm-none-eabi/5.2.1/armv6-m\libcr_eabihelpers.a(division_32.o)
                0x00002734                __aeabi_idivmod
                0x00002734                __aeabi_idiv
                0x0000273a                __aeabi_uidivmod
                0x0000273a                __aeabi_uidiv
 .text.__aeabi_division_idiv0
                0x000027ac        0x2 c:/nxp/lpcxpresso_8.1.2_603/lpcxpresso/tools/bin/../lib/gcc/arm-none-eabi/5.2.1/armv6-m\libcr_eabihelpers.a(division_idiv0.o)
                0x000027ac                __aeabi_idiv0
 .text.__aeabi_memset_lowlevel
                0x000027ae       0x2a c:/nxp/lpcxpresso_8.1.2_603/lpcxpresso/tools/bin/../lib/gcc/arm-none-eabi/5.2.1/armv6-m\libcr_eabihelpers.a(memcpy.o)
                0x000027ae                __aeabi_lowlevel_memset
 .text.__sys_appexit
                0x000027d8        0xc c:/nxp/lpcxpresso_8.1.2_603/lpcxpresso/tools/bin/../lib/gcc/arm-none-eabi/5.2.1/../../../../arm-none-eabi/lib/armv6-m\libcr_semihost.a(__sys_appexit.o)
                0x000027d8                __sys_appexit
                0x000027d8                __exit
 .text.__sys_close
                0x000027e4        0xc c:/nxp/lpcxpresso_8.1.2_603/lpcxpresso/tools/bin/../lib/gcc/arm-none-eabi/5.2.1/../../../../arm-none-eabi/lib/armv6-m\libcr_semihost.a(__sys_close.o)
                0x000027e4                __sys_close
 .text.__sys_flen
                0x000027f0        0xc c:/nxp/lpcxpresso_8.1.2_603/lpcxpresso/tools/bin/../lib/gcc/arm-none-eabi/5.2.1/../../../../arm-none-eabi/lib/armv6-m\libcr_semihost.a(__sys_flen.o)
                0x000027f0                __sys_flen
 .text.__sys_istty
                0x000027fc        0xc c:/nxp/lpcxpresso_8.1.2_603/lpcxpresso/tools/bin/../lib/gcc/arm-none-eabi/5.2.1/../../../../arm-none-eabi/lib/armv6-m\libcr_semihost.a(__sys_istty.o)
                0x000027fc                __sys_istty
 .text.__sys_remove
                0x00002808        0xc c:/nxp/lpcxpresso_8.1.2_603/lpcxpresso/tools/bin/../lib/gcc/arm-none-eabi/5.2.1/../../../../arm-none-eabi/lib/armv6-m\libcr_semihost.a(__sys_remove.o)
                0x00002808                __sys_remove
 .text.__sys_seek
                0x00002814        0xc c:/nxp/lpcxpresso_8.1.2_603/lpcxpresso/tools/bin/../lib/gcc/arm-none-eabi/5.2.1/../../../../arm-none-eabi/lib/armv6-m\libcr_semihost.a(__sys_seek.o)
                0x00002814                __sys_seek
 .text.__sys_tmpnam
                0x00002820        0xc c:/nxp/lpcxpresso_8.1.2_603/lpcxpresso/tools/bin/../lib/gcc/arm-none-eabi/5.2.1/../../../../arm-none-eabi/lib/armv6-m\libcr_semihost.a(__sys_tmpnam.o)
                0x00002820                __sys_tmpnam
 .text.__sys_write
                0x0000282c        0xc c:/nxp/lpcxpresso_8.1.2_603/lpcxpresso/tools/bin/../lib/gcc/arm-none-eabi/5.2.1/../../../../arm-none-eabi/lib/armv6-m\libcr_semihost.a(__sys_write.o)
                0x0000282c                __sys_write
                0x0000282c                __write
 *(.rodata .rodata.* .constdata .constdata.*)
 .rodata        0x00002838      0x363 ./src/L1UDEV001A.o
 *fill*         0x00002b9b        0x1 ff
 .rodata        0x00002b9c       0x13 ./src/bitbangUART.o
 *fill*         0x00002baf        0x1 ff
 .rodata        0x00002bb0      0x34b ./src/esp8266.o
 *fill*         0x00002efb        0x1 ff
 .rodata        0x00002efc       0x78 ./src/l11uxx_uart_library.o
 .rodata.LCDBitmapFont
                0x00002f74      0x500 ./src/lcd_5110_lib.o
                0x00002f74                LCDBitmapFont
 .rodata.str1.1
                0x00003474        0x4 c:/nxp/lpcxpresso_8.1.2_603/lpcxpresso/tools/bin/../lib/gcc/arm-none-eabi/5.2.1/../../../../arm-none-eabi/lib/armv6-m\libcr_c.a(initio.o)
 .rodata.digits
                0x00003478       0x11 c:/nxp/lpcxpresso_8.1.2_603/lpcxpresso/tools/bin/../lib/gcc/arm-none-eabi/5.2.1/../../../../arm-none-eabi/lib/armv6-m\libcr_c.a(itoa.o)
 .rodata.str1.1
                0x00003489       0x18 c:/nxp/lpcxpresso_8.1.2_603/lpcxpresso/tools/bin/../lib/gcc/arm-none-eabi/5.2.1/../../../../arm-none-eabi/lib/armv6-m\libcr_c.a(alloc.o)
                0x000034a4                . = ALIGN (0x4)
 *fill*         0x000034a1        0x3 ff

.glue_7         0x000034a4        0x0
 .glue_7        0x000034a4        0x0 linker stubs

.glue_7t        0x000034a4        0x0
 .glue_7t       0x000034a4        0x0 linker stubs

.vfp11_veneer   0x000034a4        0x0
 .vfp11_veneer  0x000034a4        0x0 linker stubs

.v4_bx          0x000034a4        0x0
 .v4_bx         0x000034a4        0x0 linker stubs

.iplt           0x000034a4        0x0
 .iplt          0x000034a4        0x0 ./src/ILI9341.o

.rel.dyn        0x000034a4        0x0
 .rel.iplt      0x000034a4        0x0 ./src/ILI9341.o

.ARM.extab
 *(.ARM.extab* .gnu.linkonce.armextab.*)
                0x000034a4                __exidx_start = .

.ARM.exidx
 *(.ARM.exidx* .gnu.linkonce.armexidx.*)
                0x000034a4                __exidx_end = .
                0x000034a4                _etext = .

.data_RAM2      0x20004000        0x0 load address 0x000034a4
 FILL mask 0xff
                [!provide]                PROVIDE (__start_data_RAM2, .)
 *(.ramfunc.$RAM2)
 *(.ramfunc.$RamUsb2)
 *(.data.$RAM2*)
 *(.data.$RamUsb2*)
                0x20004000                . = ALIGN (0x4)
                [!provide]                PROVIDE (__end_data_RAM2, .)

.uninit_RESERVED
                0x10000000        0x0
 *(.bss.$RESERVED*)
                0x10000000                . = ALIGN (0x4)
                0x10000000                _end_uninit_RESERVED = .

.data           0x10000000        0x8 load address 0x000034a4
 FILL mask 0xff
                0x10000000                _data = .
 *(vtable)
 *(.ramfunc*)
 *(.data*)
 .data.firstTime.3686
                0x10000000        0x4 ./src/bitbangUART.o
 .data.SystemCoreClock
                0x10000004        0x4 C:\Users\denry.LIEWENTHAL\Documents\LPCXpresso_8.1.2_603\workspace_11u35\CMSISv2p00_LPC11Uxx\Debug\libCMSISv2p00_LPC11Uxx.a(system_LPC11Uxx.o)
                0x10000004                SystemCoreClock
                0x10000008                . = ALIGN (0x4)
                0x10000008                _edata = .

.igot.plt       0x10000008        0x0 load address 0x000034ac
 .igot.plt      0x10000008        0x0 ./src/ILI9341.o

.bss_RAM2       0x20004000        0x0
                [!provide]                PROVIDE (__start_bss_RAM2, .)
 *(.bss.$RAM2*)
 *(.bss.$RamUsb2*)
                0x20004000                . = ALIGN ((. != 0x0)?0x4:0x1)
                [!provide]                PROVIDE (__end_bss_RAM2, .)

.bss            0x10000008      0xa00
                0x10000008                _bss = .
 *(.bss*)
 .bss.l11uxx_uart_rx_buffer_current_index
                0x10000008        0x4 ./src/l11uxx_uart_library.o
                0x10000008                l11uxx_uart_rx_buffer_current_index
 .bss.rxBusy    0x1000000c        0x1 ./src/l11uxx_uart_library.o
                0x1000000c                rxBusy
 .bss.lcd_5110_console_cursorRow
                0x1000000d        0x1 ./src/lcd_5110_lib.o
                0x1000000d                lcd_5110_console_cursorRow
 .bss.lcd_5110_console_cursorColumn
                0x1000000e        0x1 ./src/lcd_5110_lib.o
                0x1000000e                lcd_5110_console_cursorColumn
 *fill*         0x1000000f        0x1 
 .bss._extra    0x10000010        0x4 c:/nxp/lpcxpresso_8.1.2_603/lpcxpresso/tools/bin/../lib/gcc/arm-none-eabi/5.2.1/../../../../arm-none-eabi/lib/armv6-m\libcr_c.a(initio.o)
                0x10000010                _extra
 .bss.__Ciob    0x10000014      0x140 c:/nxp/lpcxpresso_8.1.2_603/lpcxpresso/tools/bin/../lib/gcc/arm-none-eabi/5.2.1/../../../../arm-none-eabi/lib/armv6-m\libcr_c.a(stdio.o)
                0x10000014                __Ciob
 .bss.errno     0x10000154        0x4 c:/nxp/lpcxpresso_8.1.2_603/lpcxpresso/tools/bin/../lib/gcc/arm-none-eabi/5.2.1/../../../../arm-none-eabi/lib/armv6-m\libcr_c.a(errno.o)
                0x10000154                errno
 .bss.__heaps   0x10000158        0x4 c:/nxp/lpcxpresso_8.1.2_603/lpcxpresso/tools/bin/../lib/gcc/arm-none-eabi/5.2.1/../../../../arm-none-eabi/lib/armv6-m\libcr_c.a(__init_alloc.o)
                0x10000158                __heaps
 .bss.__end_of_heap
                0x1000015c        0x4 c:/nxp/lpcxpresso_8.1.2_603/lpcxpresso/tools/bin/../lib/gcc/arm-none-eabi/5.2.1/../../../../arm-none-eabi/lib/armv6-m\libcr_c.a(__init_alloc.o)
                0x1000015c                __end_of_heap
 *(COMMON)
 COMMON         0x10000160       0xc8 ./src/l11uxx_uart_library.o
                0x10000160                l11uxx_uart_rx_buffer
 COMMON         0x10000228      0x7e0 ./src/lcd_5110_lib.o
                0x10000228                lcd_5110_pixels
                0x10000a08                . = ALIGN (0x4)
                0x10000a08                _ebss = .
                [!provide]                PROVIDE (end, .)

.noinit_RAM2    0x20004000        0x0
 *(.noinit.$RAM2*)
 *(.noinit.$RamUsb2*)
                0x20004000                . = ALIGN (0x4)

.noinit         0x10000a08        0x0
                0x10000a08                _noinit = .
 *(.noinit*)
                0x10000a08                . = ALIGN (0x4)
                0x10000a08                _end_noinit = .
                0x10000a08                PROVIDE (_pvHeapStart, DEFINED (__user_heap_base)?__user_heap_base:.)
                0x10002000                PROVIDE (_vStackTop, DEFINED (__user_stack_top)?__user_stack_top:(__top_RamLoc8 - 0x0))
                [!provide]                PROVIDE (__valid_user_code_checksum, (0x0 - (((_vStackTop + (ResetISR + 0x1)) + (DEFINED (NMI_Handler)?NMI_Handler:M0_NMI_Handler + 0x1)) + (DEFINED (HardFault_Handler)?HardFault_Handler:M0_HardFault_Handler + 0x1))))
OUTPUT(L1UDEV001A.axf elf32-littlearm)

.debug_info     0x00000000     0x479e
 .debug_info    0x00000000      0xf0d ./src/L1UDEV001A.o
 .debug_info    0x00000f0d      0x2b0 ./src/bitbangUART.o
 .debug_info    0x000011bd      0x217 ./src/cr_startup_lpc11uxx.o
 .debug_info    0x000013d4       0x3f ./src/crp.o
 .debug_info    0x00001413      0x851 ./src/esp8266.o
 .debug_info    0x00001c64      0x909 ./src/gpio.o
 .debug_info    0x0000256d      0x612 ./src/l11uxx_spi_library.o
 .debug_info    0x00002b7f      0xf50 ./src/l11uxx_uart_library.o
 .debug_info    0x00003acf      0x78e ./src/lcd_5110_lib.o
 .debug_info    0x0000425d      0x541 C:\Users\denry.LIEWENTHAL\Documents\LPCXpresso_8.1.2_603\workspace_11u35\CMSISv2p00_LPC11Uxx\Debug\libCMSISv2p00_LPC11Uxx.a(system_LPC11Uxx.o)

.debug_abbrev   0x00000000      0xecb
 .debug_abbrev  0x00000000      0x2e1 ./src/L1UDEV001A.o
 .debug_abbrev  0x000002e1       0xd1 ./src/bitbangUART.o
 .debug_abbrev  0x000003b2       0xed ./src/cr_startup_lpc11uxx.o
 .debug_abbrev  0x0000049f       0x36 ./src/crp.o
 .debug_abbrev  0x000004d5      0x1be ./src/esp8266.o
 .debug_abbrev  0x00000693      0x1c4 ./src/gpio.o
 .debug_abbrev  0x00000857       0xfd ./src/l11uxx_spi_library.o
 .debug_abbrev  0x00000954      0x30b ./src/l11uxx_uart_library.o
 .debug_abbrev  0x00000c5f      0x159 ./src/lcd_5110_lib.o
 .debug_abbrev  0x00000db8      0x113 C:\Users\denry.LIEWENTHAL\Documents\LPCXpresso_8.1.2_603\workspace_11u35\CMSISv2p00_LPC11Uxx\Debug\libCMSISv2p00_LPC11Uxx.a(system_LPC11Uxx.o)

.debug_aranges  0x00000000      0x3c0
 .debug_aranges
                0x00000000       0x60 ./src/L1UDEV001A.o
 .debug_aranges
                0x00000060       0x40 ./src/bitbangUART.o
 .debug_aranges
                0x000000a0       0x60 ./src/cr_startup_lpc11uxx.o
 .debug_aranges
                0x00000100       0x18 ./src/crp.o
 .debug_aranges
                0x00000118       0xa0 ./src/esp8266.o
 .debug_aranges
                0x000001b8       0x60 ./src/gpio.o
 .debug_aranges
                0x00000218       0x60 ./src/l11uxx_spi_library.o
 .debug_aranges
                0x00000278       0x60 ./src/l11uxx_uart_library.o
 .debug_aranges
                0x000002d8       0xc0 ./src/lcd_5110_lib.o
 .debug_aranges
                0x00000398       0x28 C:\Users\denry.LIEWENTHAL\Documents\LPCXpresso_8.1.2_603\workspace_11u35\CMSISv2p00_LPC11Uxx\Debug\libCMSISv2p00_LPC11Uxx.a(system_LPC11Uxx.o)

.debug_ranges   0x00000000      0x348
 .debug_ranges  0x00000000       0x50 ./src/L1UDEV001A.o
 .debug_ranges  0x00000050       0x30 ./src/bitbangUART.o
 .debug_ranges  0x00000080       0x50 ./src/cr_startup_lpc11uxx.o
 .debug_ranges  0x000000d0       0xc0 ./src/esp8266.o
 .debug_ranges  0x00000190       0x50 ./src/gpio.o
 .debug_ranges  0x000001e0       0x50 ./src/l11uxx_spi_library.o
 .debug_ranges  0x00000230       0x50 ./src/l11uxx_uart_library.o
 .debug_ranges  0x00000280       0xb0 ./src/lcd_5110_lib.o
 .debug_ranges  0x00000330       0x18 C:\Users\denry.LIEWENTHAL\Documents\LPCXpresso_8.1.2_603\workspace_11u35\CMSISv2p00_LPC11Uxx\Debug\libCMSISv2p00_LPC11Uxx.a(system_LPC11Uxx.o)

.debug_macro    0x00000000     0x1937
 .debug_macro   0x00000000       0xa4 ./src/L1UDEV001A.o
 .debug_macro   0x000000a4       0x1c ./src/L1UDEV001A.o
 .debug_macro   0x000000c0       0x2e ./src/L1UDEV001A.o
 .debug_macro   0x000000ee       0x10 ./src/L1UDEV001A.o
 .debug_macro   0x000000fe      0x12d ./src/L1UDEV001A.o
 .debug_macro   0x0000022b      0x5b2 ./src/L1UDEV001A.o
 .debug_macro   0x000007dd      0x237 ./src/L1UDEV001A.o
 .debug_macro   0x00000a14      0x10e ./src/L1UDEV001A.o
 .debug_macro   0x00000b22       0x82 ./src/L1UDEV001A.o
 .debug_macro   0x00000ba4       0xa0 ./src/L1UDEV001A.o
 .debug_macro   0x00000c44       0x22 ./src/L1UDEV001A.o
 .debug_macro   0x00000c66       0x6a ./src/L1UDEV001A.o
 .debug_macro   0x00000cd0       0x11 ./src/bitbangUART.o
 .debug_macro   0x00000ce1       0x1d ./src/cr_startup_lpc11uxx.o
 .debug_macro   0x00000cfe       0x1a ./src/crp.o
 .debug_macro   0x00000d18       0x34 ./src/crp.o
 .debug_macro   0x00000d4c       0x2f ./src/esp8266.o
 .debug_macro   0x00000d7b       0x7f ./src/gpio.o
 .debug_macro   0x00000dfa       0x76 ./src/l11uxx_spi_library.o
 .debug_macro   0x00000e70       0x7c ./src/l11uxx_uart_library.o
 .debug_macro   0x00000eec       0x38 ./src/lcd_5110_lib.o
 .debug_macro   0x00000f24       0xc4 ./src/lcd_5110_lib.o
 .debug_macro   0x00000fe8      0x117 C:\Users\denry.LIEWENTHAL\Documents\LPCXpresso_8.1.2_603\workspace_11u35\CMSISv2p00_LPC11Uxx\Debug\libCMSISv2p00_LPC11Uxx.a(system_LPC11Uxx.o)
 .debug_macro   0x000010ff      0x838 C:\Users\denry.LIEWENTHAL\Documents\LPCXpresso_8.1.2_603\workspace_11u35\CMSISv2p00_LPC11Uxx\Debug\libCMSISv2p00_LPC11Uxx.a(system_LPC11Uxx.o)

.debug_line     0x00000000     0x1a66
 .debug_line    0x00000000      0x4cc ./src/L1UDEV001A.o
 .debug_line    0x000004cc      0x117 ./src/bitbangUART.o
 .debug_line    0x000005e3       0xbf ./src/cr_startup_lpc11uxx.o
 .debug_line    0x000006a2       0x78 ./src/crp.o
 .debug_line    0x0000071a      0x29a ./src/esp8266.o
 .debug_line    0x000009b4      0x2db ./src/gpio.o
 .debug_line    0x00000c8f      0x3de ./src/l11uxx_spi_library.o
 .debug_line    0x0000106d      0x35e ./src/l11uxx_uart_library.o
 .debug_line    0x000013cb      0x4e2 ./src/lcd_5110_lib.o
 .debug_line    0x000018ad      0x1b9 C:\Users\denry.LIEWENTHAL\Documents\LPCXpresso_8.1.2_603\workspace_11u35\CMSISv2p00_LPC11Uxx\Debug\libCMSISv2p00_LPC11Uxx.a(system_LPC11Uxx.o)

.debug_str      0x00000000     0x7779
 .debug_str     0x00000000     0x5f45 ./src/L1UDEV001A.o
                               0x5ff7 (size before relaxing)
 .debug_str     0x00005f45       0xb9 ./src/bitbangUART.o
                               0x24c5 (size before relaxing)
 .debug_str     0x00005ffe      0x18e ./src/cr_startup_lpc11uxx.o
                               0x254a (size before relaxing)
 .debug_str     0x0000618c       0xe9 ./src/crp.o
                               0x2496 (size before relaxing)
 .debug_str     0x00006275      0x2af ./src/esp8266.o
                               0x27b2 (size before relaxing)
 .debug_str     0x00006524       0x9e ./src/gpio.o
                               0x527e (size before relaxing)
 .debug_str     0x000065c2      0x308 ./src/l11uxx_spi_library.o
                               0x5250 (size before relaxing)
 .debug_str     0x000068ca      0x2f6 ./src/l11uxx_uart_library.o
                               0x579f (size before relaxing)
 .debug_str     0x00006bc0      0x76c ./src/lcd_5110_lib.o
                               0x2e6d (size before relaxing)
 .debug_str     0x0000732c      0x44d C:\Users\denry.LIEWENTHAL\Documents\LPCXpresso_8.1.2_603\workspace_11u35\CMSISv2p00_LPC11Uxx\Debug\libCMSISv2p00_LPC11Uxx.a(system_LPC11Uxx.o)
                               0x548b (size before relaxing)

.comment        0x00000000       0x6e
 .comment       0x00000000       0x6e ./src/L1UDEV001A.o
                                 0x6f (size before relaxing)
 .comment       0x0000006e       0x6f ./src/bitbangUART.o
 .comment       0x0000006e       0x6f ./src/cr_startup_lpc11uxx.o
 .comment       0x0000006e       0x6f ./src/crp.o
 .comment       0x0000006e       0x6f ./src/esp8266.o
 .comment       0x0000006e       0x6f ./src/gpio.o
 .comment       0x0000006e       0x6f ./src/l11uxx_spi_library.o
 .comment       0x0000006e       0x6f ./src/l11uxx_uart_library.o
 .comment       0x0000006e       0x6f ./src/lcd_5110_lib.o
 .comment       0x0000006e       0x6f C:\Users\denry.LIEWENTHAL\Documents\LPCXpresso_8.1.2_603\workspace_11u35\CMSISv2p00_LPC11Uxx\Debug\libCMSISv2p00_LPC11Uxx.a(system_LPC11Uxx.o)
 .comment       0x0000006e       0x6f c:/nxp/lpcxpresso_8.1.2_603/lpcxpresso/tools/bin/../lib/gcc/arm-none-eabi/5.2.1/../../../../arm-none-eabi/lib/armv6-m\libcr_semihost.a(_cr__main.o)
 .comment       0x0000006e       0x6f c:/nxp/lpcxpresso_8.1.2_603/lpcxpresso/tools/bin/../lib/gcc/arm-none-eabi/5.2.1/../../../../arm-none-eabi/lib/armv6-m\libcr_c.a(memset.o)
 .comment       0x0000006e       0x6f c:/nxp/lpcxpresso_8.1.2_603/lpcxpresso/tools/bin/../lib/gcc/arm-none-eabi/5.2.1/../../../../arm-none-eabi/lib/armv6-m\libcr_c.a(initio.o)
 .comment       0x0000006e       0x6f c:/nxp/lpcxpresso_8.1.2_603/lpcxpresso/tools/bin/../lib/gcc/arm-none-eabi/5.2.1/../../../../arm-none-eabi/lib/armv6-m\libcr_c.a(itoa.o)
 .comment       0x0000006e       0x6f c:/nxp/lpcxpresso_8.1.2_603/lpcxpresso/tools/bin/../lib/gcc/arm-none-eabi/5.2.1/../../../../arm-none-eabi/lib/armv6-m\libcr_c.a(setvbuf.o)
 .comment       0x0000006e       0x6f c:/nxp/lpcxpresso_8.1.2_603/lpcxpresso/tools/bin/../lib/gcc/arm-none-eabi/5.2.1/../../../../arm-none-eabi/lib/armv6-m\libcr_c.a(stdio.o)
 .comment       0x0000006e       0x6f c:/nxp/lpcxpresso_8.1.2_603/lpcxpresso/tools/bin/../lib/gcc/arm-none-eabi/5.2.1/../../../../arm-none-eabi/lib/armv6-m\libcr_c.a(strcat.o)
 .comment       0x0000006e       0x6f c:/nxp/lpcxpresso_8.1.2_603/lpcxpresso/tools/bin/../lib/gcc/arm-none-eabi/5.2.1/../../../../arm-none-eabi/lib/armv6-m\libcr_c.a(strcpy.o)
 .comment       0x0000006e       0x6f c:/nxp/lpcxpresso_8.1.2_603/lpcxpresso/tools/bin/../lib/gcc/arm-none-eabi/5.2.1/../../../../arm-none-eabi/lib/armv6-m\libcr_c.a(strlen.o)
 .comment       0x0000006e       0x6f c:/nxp/lpcxpresso_8.1.2_603/lpcxpresso/tools/bin/../lib/gcc/arm-none-eabi/5.2.1/../../../../arm-none-eabi/lib/armv6-m\libcr_c.a(strncpy.o)
 .comment       0x0000006e       0x6f c:/nxp/lpcxpresso_8.1.2_603/lpcxpresso/tools/bin/../lib/gcc/arm-none-eabi/5.2.1/../../../../arm-none-eabi/lib/armv6-m\libcr_c.a(strstr.o)
 .comment       0x0000006e       0x6f c:/nxp/lpcxpresso_8.1.2_603/lpcxpresso/tools/bin/../lib/gcc/arm-none-eabi/5.2.1/../../../../arm-none-eabi/lib/armv6-m\libcr_c.a(_deferredlazyseek.o)
 .comment       0x0000006e       0x6f c:/nxp/lpcxpresso_8.1.2_603/lpcxpresso/tools/bin/../lib/gcc/arm-none-eabi/5.2.1/../../../../arm-none-eabi/lib/armv6-m\libcr_c.a(_fdopen.o)
 .comment       0x0000006e       0x6f c:/nxp/lpcxpresso_8.1.2_603/lpcxpresso/tools/bin/../lib/gcc/arm-none-eabi/5.2.1/../../../../arm-none-eabi/lib/armv6-m\libcr_c.a(_fflush.o)
 .comment       0x0000006e       0x6f c:/nxp/lpcxpresso_8.1.2_603/lpcxpresso/tools/bin/../lib/gcc/arm-none-eabi/5.2.1/../../../../arm-none-eabi/lib/armv6-m\libcr_c.a(_writebuf.o)
 .comment       0x0000006e       0x6f c:/nxp/lpcxpresso_8.1.2_603/lpcxpresso/tools/bin/../lib/gcc/arm-none-eabi/5.2.1/../../../../arm-none-eabi/lib/armv6-m\libcr_c.a(alloc.o)
 .comment       0x0000006e       0x6f c:/nxp/lpcxpresso_8.1.2_603/lpcxpresso/tools/bin/../lib/gcc/arm-none-eabi/5.2.1/../../../../arm-none-eabi/lib/armv6-m\libcr_c.a(errno.o)
 .comment       0x0000006e       0x6f c:/nxp/lpcxpresso_8.1.2_603/lpcxpresso/tools/bin/../lib/gcc/arm-none-eabi/5.2.1/../../../../arm-none-eabi/lib/armv6-m\libcr_c.a(fclose.o)
 .comment       0x0000006e       0x6f c:/nxp/lpcxpresso_8.1.2_603/lpcxpresso/tools/bin/../lib/gcc/arm-none-eabi/5.2.1/../../../../arm-none-eabi/lib/armv6-m\libcr_c.a(fflush.o)
 .comment       0x0000006e       0x6f c:/nxp/lpcxpresso_8.1.2_603/lpcxpresso/tools/bin/../lib/gcc/arm-none-eabi/5.2.1/../../../../arm-none-eabi/lib/armv6-m\libcr_c.a(fseek.o)
 .comment       0x0000006e       0x6f c:/nxp/lpcxpresso_8.1.2_603/lpcxpresso/tools/bin/../lib/gcc/arm-none-eabi/5.2.1/../../../../arm-none-eabi/lib/armv6-m\libcr_c.a(ftell.o)
 .comment       0x0000006e       0x6f c:/nxp/lpcxpresso_8.1.2_603/lpcxpresso/tools/bin/../lib/gcc/arm-none-eabi/5.2.1/../../../../arm-none-eabi/lib/armv6-m\libcr_c.a(remove.o)
 .comment       0x0000006e       0x6f c:/nxp/lpcxpresso_8.1.2_603/lpcxpresso/tools/bin/../lib/gcc/arm-none-eabi/5.2.1/../../../../arm-none-eabi/lib/armv6-m\libcr_c.a(__init_alloc.o)
 .comment       0x0000006e       0x6f c:/nxp/lpcxpresso_8.1.2_603/lpcxpresso/tools/bin/../lib/gcc/arm-none-eabi/5.2.1/../../../../arm-none-eabi/lib/armv6-m\libcr_c.a(_cr_sbrk.o)
 .comment       0x0000006e       0x6f c:/nxp/lpcxpresso_8.1.2_603/lpcxpresso/tools/bin/../lib/gcc/arm-none-eabi/5.2.1/../../../../arm-none-eabi/lib/armv6-m\libcr_c.a(_do_fflush.o)
 .comment       0x0000006e       0x6f c:/nxp/lpcxpresso_8.1.2_603/lpcxpresso/tools/bin/../lib/gcc/arm-none-eabi/5.2.1/../../../../arm-none-eabi/lib/armv6-m\libcr_c.a(_cr_check_heap.o)

.ARM.attributes
                0x00000000       0x2f
 .ARM.attributes
                0x00000000       0x31 ./src/L1UDEV001A.o
 .ARM.attributes
                0x00000031       0x31 ./src/bitbangUART.o
 .ARM.attributes
                0x00000062       0x31 ./src/cr_startup_lpc11uxx.o
 .ARM.attributes
                0x00000093       0x31 ./src/crp.o
 .ARM.attributes
                0x000000c4       0x31 ./src/esp8266.o
 .ARM.attributes
                0x000000f5       0x31 ./src/gpio.o
 .ARM.attributes
                0x00000126       0x31 ./src/l11uxx_spi_library.o
 .ARM.attributes
                0x00000157       0x31 ./src/l11uxx_uart_library.o
 .ARM.attributes
                0x00000188       0x31 ./src/lcd_5110_lib.o
 .ARM.attributes
                0x000001b9       0x31 C:\Users\denry.LIEWENTHAL\Documents\LPCXpresso_8.1.2_603\workspace_11u35\CMSISv2p00_LPC11Uxx\Debug\libCMSISv2p00_LPC11Uxx.a(system_LPC11Uxx.o)
 .ARM.attributes
                0x000001ea       0x31 c:/nxp/lpcxpresso_8.1.2_603/lpcxpresso/tools/bin/../lib/gcc/arm-none-eabi/5.2.1/../../../../arm-none-eabi/lib/armv6-m\libcr_semihost.a(_cr__main.o)
 .ARM.attributes
                0x0000021b       0x31 c:/nxp/lpcxpresso_8.1.2_603/lpcxpresso/tools/bin/../lib/gcc/arm-none-eabi/5.2.1/../../../../arm-none-eabi/lib/armv6-m\libcr_c.a(memset.o)
 .ARM.attributes
                0x0000024c       0x31 c:/nxp/lpcxpresso_8.1.2_603/lpcxpresso/tools/bin/../lib/gcc/arm-none-eabi/5.2.1/../../../../arm-none-eabi/lib/armv6-m\libcr_c.a(initio.o)
 .ARM.attributes
                0x0000027d       0x31 c:/nxp/lpcxpresso_8.1.2_603/lpcxpresso/tools/bin/../lib/gcc/arm-none-eabi/5.2.1/../../../../arm-none-eabi/lib/armv6-m\libcr_c.a(itoa.o)
 .ARM.attributes
                0x000002ae       0x31 c:/nxp/lpcxpresso_8.1.2_603/lpcxpresso/tools/bin/../lib/gcc/arm-none-eabi/5.2.1/../../../../arm-none-eabi/lib/armv6-m\libcr_c.a(setvbuf.o)
 .ARM.attributes
                0x000002df       0x31 c:/nxp/lpcxpresso_8.1.2_603/lpcxpresso/tools/bin/../lib/gcc/arm-none-eabi/5.2.1/../../../../arm-none-eabi/lib/armv6-m\libcr_c.a(stdio.o)
 .ARM.attributes
                0x00000310       0x31 c:/nxp/lpcxpresso_8.1.2_603/lpcxpresso/tools/bin/../lib/gcc/arm-none-eabi/5.2.1/../../../../arm-none-eabi/lib/armv6-m\libcr_c.a(strcat.o)
 .ARM.attributes
                0x00000341       0x31 c:/nxp/lpcxpresso_8.1.2_603/lpcxpresso/tools/bin/../lib/gcc/arm-none-eabi/5.2.1/../../../../arm-none-eabi/lib/armv6-m\libcr_c.a(strcpy.o)
 .ARM.attributes
                0x00000372       0x31 c:/nxp/lpcxpresso_8.1.2_603/lpcxpresso/tools/bin/../lib/gcc/arm-none-eabi/5.2.1/../../../../arm-none-eabi/lib/armv6-m\libcr_c.a(strlen.o)
 .ARM.attributes
                0x000003a3       0x31 c:/nxp/lpcxpresso_8.1.2_603/lpcxpresso/tools/bin/../lib/gcc/arm-none-eabi/5.2.1/../../../../arm-none-eabi/lib/armv6-m\libcr_c.a(strncpy.o)
 .ARM.attributes
                0x000003d4       0x31 c:/nxp/lpcxpresso_8.1.2_603/lpcxpresso/tools/bin/../lib/gcc/arm-none-eabi/5.2.1/../../../../arm-none-eabi/lib/armv6-m\libcr_c.a(strstr.o)
 .ARM.attributes
                0x00000405       0x31 c:/nxp/lpcxpresso_8.1.2_603/lpcxpresso/tools/bin/../lib/gcc/arm-none-eabi/5.2.1/../../../../arm-none-eabi/lib/armv6-m\libcr_c.a(_deferredlazyseek.o)
 .ARM.attributes
                0x00000436       0x31 c:/nxp/lpcxpresso_8.1.2_603/lpcxpresso/tools/bin/../lib/gcc/arm-none-eabi/5.2.1/../../../../arm-none-eabi/lib/armv6-m\libcr_c.a(_fdopen.o)
 .ARM.attributes
                0x00000467       0x31 c:/nxp/lpcxpresso_8.1.2_603/lpcxpresso/tools/bin/../lib/gcc/arm-none-eabi/5.2.1/../../../../arm-none-eabi/lib/armv6-m\libcr_c.a(_fflush.o)
 .ARM.attributes
                0x00000498       0x31 c:/nxp/lpcxpresso_8.1.2_603/lpcxpresso/tools/bin/../lib/gcc/arm-none-eabi/5.2.1/../../../../arm-none-eabi/lib/armv6-m\libcr_c.a(_writebuf.o)
 .ARM.attributes
                0x000004c9       0x31 c:/nxp/lpcxpresso_8.1.2_603/lpcxpresso/tools/bin/../lib/gcc/arm-none-eabi/5.2.1/../../../../arm-none-eabi/lib/armv6-m\libcr_c.a(alloc.o)
 .ARM.attributes
                0x000004fa       0x31 c:/nxp/lpcxpresso_8.1.2_603/lpcxpresso/tools/bin/../lib/gcc/arm-none-eabi/5.2.1/../../../../arm-none-eabi/lib/armv6-m\libcr_c.a(errno.o)
 .ARM.attributes
                0x0000052b       0x31 c:/nxp/lpcxpresso_8.1.2_603/lpcxpresso/tools/bin/../lib/gcc/arm-none-eabi/5.2.1/../../../../arm-none-eabi/lib/armv6-m\libcr_c.a(fclose.o)
 .ARM.attributes
                0x0000055c       0x31 c:/nxp/lpcxpresso_8.1.2_603/lpcxpresso/tools/bin/../lib/gcc/arm-none-eabi/5.2.1/../../../../arm-none-eabi/lib/armv6-m\libcr_c.a(fflush.o)
 .ARM.attributes
                0x0000058d       0x31 c:/nxp/lpcxpresso_8.1.2_603/lpcxpresso/tools/bin/../lib/gcc/arm-none-eabi/5.2.1/../../../../arm-none-eabi/lib/armv6-m\libcr_c.a(fseek.o)
 .ARM.attributes
                0x000005be       0x31 c:/nxp/lpcxpresso_8.1.2_603/lpcxpresso/tools/bin/../lib/gcc/arm-none-eabi/5.2.1/../../../../arm-none-eabi/lib/armv6-m\libcr_c.a(ftell.o)
 .ARM.attributes
                0x000005ef       0x31 c:/nxp/lpcxpresso_8.1.2_603/lpcxpresso/tools/bin/../lib/gcc/arm-none-eabi/5.2.1/../../../../arm-none-eabi/lib/armv6-m\libcr_c.a(remove.o)
 .ARM.attributes
                0x00000620       0x31 c:/nxp/lpcxpresso_8.1.2_603/lpcxpresso/tools/bin/../lib/gcc/arm-none-eabi/5.2.1/../../../../arm-none-eabi/lib/armv6-m\libcr_c.a(__init_alloc.o)
 .ARM.attributes
                0x00000651       0x31 c:/nxp/lpcxpresso_8.1.2_603/lpcxpresso/tools/bin/../lib/gcc/arm-none-eabi/5.2.1/../../../../arm-none-eabi/lib/armv6-m\libcr_c.a(_cr_sbrk.o)
 .ARM.attributes
                0x00000682       0x31 c:/nxp/lpcxpresso_8.1.2_603/lpcxpresso/tools/bin/../lib/gcc/arm-none-eabi/5.2.1/../../../../arm-none-eabi/lib/armv6-m\libcr_c.a(_do_fflush.o)
 .ARM.attributes
                0x000006b3       0x31 c:/nxp/lpcxpresso_8.1.2_603/lpcxpresso/tools/bin/../lib/gcc/arm-none-eabi/5.2.1/../../../../arm-none-eabi/lib/armv6-m\libcr_c.a(_cr_check_heap.o)
 .ARM.attributes
                0x000006e4       0x21 c:/nxp/lpcxpresso_8.1.2_603/lpcxpresso/tools/bin/../lib/gcc/arm-none-eabi/5.2.1/armv6-m\libcr_eabihelpers.a(division_32.o)
 .ARM.attributes
                0x00000705       0x21 c:/nxp/lpcxpresso_8.1.2_603/lpcxpresso/tools/bin/../lib/gcc/arm-none-eabi/5.2.1/armv6-m\libcr_eabihelpers.a(division_idiv0.o)
 .ARM.attributes
                0x00000726       0x21 c:/nxp/lpcxpresso_8.1.2_603/lpcxpresso/tools/bin/../lib/gcc/arm-none-eabi/5.2.1/armv6-m\libcr_eabihelpers.a(memcpy.o)
 .ARM.attributes
                0x00000747       0x21 c:/nxp/lpcxpresso_8.1.2_603/lpcxpresso/tools/bin/../lib/gcc/arm-none-eabi/5.2.1/../../../../arm-none-eabi/lib/armv6-m\libcr_semihost.a(__sys_appexit.o)
 .ARM.attributes
                0x00000768       0x21 c:/nxp/lpcxpresso_8.1.2_603/lpcxpresso/tools/bin/../lib/gcc/arm-none-eabi/5.2.1/../../../../arm-none-eabi/lib/armv6-m\libcr_semihost.a(__sys_close.o)
 .ARM.attributes
                0x00000789       0x21 c:/nxp/lpcxpresso_8.1.2_603/lpcxpresso/tools/bin/../lib/gcc/arm-none-eabi/5.2.1/../../../../arm-none-eabi/lib/armv6-m\libcr_semihost.a(__sys_flen.o)
 .ARM.attributes
                0x000007aa       0x21 c:/nxp/lpcxpresso_8.1.2_603/lpcxpresso/tools/bin/../lib/gcc/arm-none-eabi/5.2.1/../../../../arm-none-eabi/lib/armv6-m\libcr_semihost.a(__sys_istty.o)
 .ARM.attributes
                0x000007cb       0x21 c:/nxp/lpcxpresso_8.1.2_603/lpcxpresso/tools/bin/../lib/gcc/arm-none-eabi/5.2.1/../../../../arm-none-eabi/lib/armv6-m\libcr_semihost.a(__sys_remove.o)
 .ARM.attributes
                0x000007ec       0x21 c:/nxp/lpcxpresso_8.1.2_603/lpcxpresso/tools/bin/../lib/gcc/arm-none-eabi/5.2.1/../../../../arm-none-eabi/lib/armv6-m\libcr_semihost.a(__sys_seek.o)
 .ARM.attributes
                0x0000080d       0x21 c:/nxp/lpcxpresso_8.1.2_603/lpcxpresso/tools/bin/../lib/gcc/arm-none-eabi/5.2.1/../../../../arm-none-eabi/lib/armv6-m\libcr_semihost.a(__sys_tmpnam.o)
 .ARM.attributes
                0x0000082e       0x21 c:/nxp/lpcxpresso_8.1.2_603/lpcxpresso/tools/bin/../lib/gcc/arm-none-eabi/5.2.1/../../../../arm-none-eabi/lib/armv6-m\libcr_semihost.a(__sys_write.o)

.debug_frame    0x00000000      0xb8c
 .debug_frame   0x00000000      0x124 ./src/L1UDEV001A.o
 .debug_frame   0x00000124       0xb0 ./src/bitbangUART.o
 .debug_frame   0x000001d4      0x118 ./src/cr_startup_lpc11uxx.o
 .debug_frame   0x000002ec      0x224 ./src/esp8266.o
 .debug_frame   0x00000510      0x12c ./src/gpio.o
 .debug_frame   0x0000063c      0x130 ./src/l11uxx_spi_library.o
 .debug_frame   0x0000076c      0x124 ./src/l11uxx_uart_library.o
 .debug_frame   0x00000890      0x2b4 ./src/lcd_5110_lib.o
 .debug_frame   0x00000b44       0x48 C:\Users\denry.LIEWENTHAL\Documents\LPCXpresso_8.1.2_603\workspace_11u35\CMSISv2p00_LPC11Uxx\Debug\libCMSISv2p00_LPC11Uxx.a(system_LPC11Uxx.o)

.debug_loc      0x00000000       0x59
 .debug_loc     0x00000000       0x59 C:\Users\denry.LIEWENTHAL\Documents\LPCXpresso_8.1.2_603\workspace_11u35\CMSISv2p00_LPC11Uxx\Debug\libCMSISv2p00_LPC11Uxx.a(system_LPC11Uxx.o)
